Script version = 2026-08-05-stride-involution-audit-v1
Audit script   = /root/elab1/hysteresis/test_support_mobius_monodromy_audit.py
Anchors        = 9
Phase points   = 240 per P_line
==============================================================================
Alternating-stride audit for Q=522.25

Q=522.25: orbit=900 periods, tail=70 periods
  Q=522.25: [   1/900]
  Q=522.25: [ 100/900]
  Q=522.25: [ 200/900]
  Q=522.25: [ 300/900]
  Q=522.25: [ 400/900]
  Q=522.25: [ 500/900]
  Q=522.25: [ 600/900]
  Q=522.25: [ 700/900]
  Q=522.25: [ 800/900]
  Q=522.25: [ 900/900]
  Q=522.25: anchor 1/9, anti residual=2.694588e-03, 2P residual=7.463327e-03
  Q=522.25: anchor 2/9, anti residual=2.246474e-03, 2P residual=7.426556e-03
  Q=522.25: anchor 3/9, anti residual=2.875990e-03, 2P residual=7.432217e-03
  Q=522.25: anchor 4/9, anti residual=3.047960e-03, 2P residual=7.387067e-03
  Q=522.25: anchor 5/9, anti residual=2.883948e-03, 2P residual=7.429653e-03
  Q=522.25: anchor 6/9, anti residual=2.213723e-03, 2P residual=7.427479e-03
  Q=522.25: anchor 7/9, anti residual=2.767301e-03, 2P residual=7.437033e-03
  Q=522.25: anchor 8/9, anti residual=3.042569e-03, 2P residual=7.450558e-03
  Q=522.25: anchor 9/9, anti residual=2.955922e-03, 2P residual=7.387429e-03
==============================================================================
Alternating-stride audit for Q=550

Q=550: orbit=400 periods, tail=70 periods
  Q=550: [   1/400]
  Q=550: [ 100/400]
  Q=550: [ 200/400]
  Q=550: [ 300/400]
  Q=550: [ 400/400]
  Q=550: anchor 1/9, anti residual=3.660772e-03, 2P residual=8.704736e-03
  Q=550: anchor 2/9, anti residual=4.047327e-03, 2P residual=8.740405e-03
  Q=550: anchor 3/9, anti residual=4.191241e-03, 2P residual=8.673705e-03
  Q=550: anchor 4/9, anti residual=3.351447e-03, 2P residual=8.702860e-03
  Q=550: anchor 5/9, anti residual=3.692731e-03, 2P residual=8.650238e-03
  Q=550: anchor 6/9, anti residual=3.652992e-03, 2P residual=8.696686e-03
  Q=550: anchor 7/9, anti residual=3.803965e-03, 2P residual=8.713020e-03
  Q=550: anchor 8/9, anti residual=3.920431e-03, 2P residual=8.713429e-03
  Q=550: anchor 9/9, anti residual=3.190146e-03, 2P residual=8.709705e-03

Script version: 2026-08-05-stride-involution-audit-v1

ALTERNATING-STRIDE / ANTIPODAL-INVOLUTION AUDIT
================================================

The audit uses the centered moving part of the actual reduced 9x9
matrices B(s).  It does not normalize loop closure by the large static
Frobenius norm of the complete matrix.

Tested relations:

    B(s + P_line) - C  ~= -[B(s) - C]
    B(s + 2 P_line) - C ~=  [B(s) - C]
    w(s + P_line)       ~= -w(s)
    w(s + 2 P_line)     ~=  w(s)

Q=522.25
  source orbit                         = /root/elab1/hysteresis/support_feedback_q_curtain_focus_cache/q_522p25_orbit.npz
  P_line                               = 0.223611111111
  P_oriented                           = 0.448611111111
  median antipodal cosine              = +9.999959995290e-01
  minimum antipodal cosine             = +9.999729855959e-01
  median antipodal residual            = 2.600289982377e-03
  maximum antipodal residual           = 5.915673195891e-03
  median antipodal amplitude ratio     = 1.000029292114e+00
  median 2P return cosine              = +9.999509291597e-01
  minimum 2P return cosine             = +9.998902754765e-01
  median 2P return residual            = 7.434118881240e-03
  maximum 2P return residual           = 1.048209820830e-02
  median 2P amplitude ratio            = 1.000038393786e+00
  median pair-midpoint drift           = 1.834115536214e-03
  median affine-center/cycle-mean diff = 1.614202794376e-11
  median tangent signed return P       = -9.999868512860e-01
  median tangent signed return 2P      = +9.999476524222e-01
  PC1+PC2 cumulative variance          = 9.999999922747e-01
  active-plane map determinant         = +1.000000000000e+00
  active-plane map trace               = -1.999975453075e+00
  active-plane distance to -I          = 4.954485351192e-03
  active-plane rotation angle degrees  = 180.283871391
  antipodal test passed                = True
  full-return test passed              = True
  tangent alternation passed           = True
  active-plane half-turn passed        = True
  classification                       = Alternating two-stroke affine involution supported: the active matrix geometry executes an approximately antipodal half-turn at P_line and closes at 2 P_line, while the tangent orientation reverses and then returns.

Q=550
  source orbit                         = /root/elab1/hysteresis/support_feedback_q_curtain_cache/q_550_orbit.npz
  P_line                               = 0.227777777778
  P_oriented                           = 0.454166666667
  median antipodal cosine              = +9.999915059311e-01
  minimum antipodal cosine             = +9.999503503676e-01
  median antipodal residual            = 3.509554122961e-03
  maximum antipodal residual           = 7.475967750216e-03
  median antipodal amplitude ratio     = 1.000488013288e+00
  median 2P return cosine              = +9.999369535560e-01
  minimum 2P return cosine             = +9.998534151342e-01
  median 2P return residual            = 8.696685794966e-03
  maximum 2P return residual           = 1.238639659285e-02
  median 2P amplitude ratio            = 1.002833067208e+00
  median pair-midpoint drift           = 2.495075995937e-03
  median affine-center/cycle-mean diff = 2.037146640953e-12
  median tangent signed return P       = -9.999782413836e-01
  median tangent signed return 2P      = +9.999315894540e-01
  PC1+PC2 cumulative variance          = 9.999986133537e-01
  active-plane map determinant         = +1.000000000000e+00
  active-plane map trace               = -1.999968352091e+00
  active-plane distance to -I          = 5.625647395833e-03
  active-plane rotation angle degrees  = 180.322326278
  antipodal test passed                = True
  full-return test passed              = True
  tangent alternation passed           = True
  active-plane half-turn passed        = True
  classification                       = Alternating two-stroke affine involution supported: the active matrix geometry executes an approximately antipodal half-turn at P_line and closes at 2 P_line, while the tangent orientation reverses and then returns.

FILES
-----
profiles CSV             = /root/elab1/hysteresis/support_stride_involution_audit_profiles.csv
summary CSV              = /root/elab1/hysteresis/support_stride_involution_audit_summary.csv
raw NPZ                  = /root/elab1/hysteresis/support_stride_involution_audit_raw.npz
report                   = /root/elab1/hysteresis/support_stride_involution_audit_report.txt
Q=522.25 embedding PNG   = /root/elab1/hysteresis/support_stride_involution_audit_Q522p25_embedding.png
Q=522.25 residuals PNG   = /root/elab1/hysteresis/support_stride_involution_audit_Q522p25_residuals.png
Q=522.25 overlaps PNG    = /root/elab1/hysteresis/support_stride_involution_audit_Q522p25_overlaps.png
Q=522.25 half-map PNG    = /root/elab1/hysteresis/support_stride_involution_audit_Q522p25_half_map.png
Q=550 embedding PNG      = /root/elab1/hysteresis/support_stride_involution_audit_Q550_embedding.png
Q=550 residuals PNG      = /root/elab1/hysteresis/support_stride_involution_audit_Q550_residuals.png
Q=550 overlaps PNG       = /root/elab1/hysteresis/support_stride_involution_audit_Q550_overlaps.png
Q=550 half-map PNG       = /root/elab1/hysteresis/support_stride_involution_audit_Q550_half_map.png

