Script version = 2026-08-06-q550-interval-spline-cocycle-proof-v1
Dense raw      = /root/elab1/hysteresis/support_q550_dense_start_span_closure_raw.npz
Orbit          = /root/elab1/hysteresis/support_feedback_q_curtain_cache/q_550_orbit.npz
Q              = 550
dense starts   = 81
steps/line     = 240
residual splits= 4
mp.dps         = 80

Q=550: orbit=400 periods, tail=70 periods
  Q=550: [   1/400]
  Q=550: [ 100/400]
  Q=550: [ 200/400]
  Q=550: [ 300/400]
  Q=550: [ 400/400]
  interval generator segments = 9126
    generator segment [    1/9126]
    generator segment [  500/9126]
    generator segment [ 1000/9126]
    generator segment [ 1500/9126]
    generator segment [ 2000/9126]
    generator segment [ 2500/9126]
    generator segment [ 3000/9126]
    generator segment [ 3500/9126]
    generator segment [ 4000/9126]
    generator segment [ 4500/9126]
    generator segment [ 5000/9126]
    generator segment [ 5500/9126]
    generator segment [ 6000/9126]
    generator segment [ 6500/9126]
    generator segment [ 7000/9126]
    generator segment [ 7500/9126]
    generator segment [ 8000/9126]
    generator segment [ 8500/9126]
    generator segment [ 9000/9126]
    generator segment [ 9126/9126]
  validating dense center transports
    center [  1/81] radii line/oriented=2.557e+03/8.315e+08
    center [  8/81] radii line/oriented=2.554e+03/8.306e+08
    center [ 16/81] radii line/oriented=2.557e+03/8.314e+08
    center [ 24/81] radii line/oriented=2.557e+03/8.314e+08
    center [ 32/81] radii line/oriented=2.555e+03/8.308e+08
    center [ 40/81] radii line/oriented=2.557e+03/8.313e+08
    center [ 48/81] radii line/oriented=2.557e+03/8.314e+08
    center [ 56/81] radii line/oriented=2.555e+03/8.310e+08
    center [ 64/81] radii line/oriented=2.556e+03/8.312e+08
    center [ 72/81] radii line/oriented=2.557e+03/8.313e+08
    center [ 80/81] radii line/oriented=2.556e+03/8.312e+08
    center [ 81/81] radii line/oriented=2.557e+03/8.313e+08
==============================================================================
Script version: 2026-08-06-q550-interval-spline-cocycle-proof-v1

Q=550 INTERVAL FROZEN-SPLINE COCYCLE PROOF
===========================================

scope                                = validated frozen cubic-spline linear cocycle; nonlinear orbit cache not yet validated
dense raw                            = support_q550_dense_start_span_closure_raw.npz
dense raw SHA256                     = cc0355ce48cbfe92be17df63d28e3f1e2a3c6eb10189690b1cbf005020c9eb23
orbit cache                          = support_feedback_q_curtain_cache/q_550_orbit.npz
orbit SHA256                         = 537f6326b841f36f963be3736b1034724041994a07f9ac9e5377de6c99048f34
mp.dps                               = 80

Geometry
  dense starts                       = 81
  span                               = [657.319187066000, 669.535575954889]
  P_line                             = 0.227777777778
  P_oriented                         = 0.454166666667

Coordinate and generator checks
  basis Gram error                   = 5.719965119736e-16
  inverse identity error             = 4.748996273411e-17
  point generator containment        = True
  max point interval width           = 2.096866008388e-01

Residual-validated center radii
  line maximum                       = 2.557443207362e+03
  second maximum                     = 2.363669857625e+03
  oriented maximum                   = 8.314646941966e+08
  2 P_line maximum                   = 8.992643263203e+08
  archived/recomputed discrepancy    = 4.930280749954e-09

Worst total radii over complete start cells
  line                               = 1.338086608283e+07
  second                             = 1.236639645359e+07
  oriented                           = 4.350431338557e+12
  2 P_line                           = 4.705202916321e+12

Global rigorous structural lower bounds
  active sigma                       = -4.350431338556e+12
  without-z sigma                    = -1.654420882086e+14
  mediation margin at tau            = -1.739248418242e+14
  endpoint separation                = -9.055634254878e+12

Decisions
  active orientation all cells       = False
  without-z orientation all cells    = False
  mediation all cells                = False
  endpoint separation all cells      = False
  all structural cells               = False
  classification                     = INTERVAL COCYCLE PROOF OPEN: at least one validated cell bound does not preserve all structural margins.

Proof boundary
  The transport and start-span statements above concern the linear cocycle
  generated by the natural cubic spline reconstructed from the archived orbit.
  To obtain a theorem for the original nonlinear ODE, validate the orbit cache
  against an exact trajectory and propagate that orbit tube into B(s).

FILES
  summary CSV = support_q550_interval_spline_cocycle_proof_summary.csv
  cells CSV   = support_q550_interval_spline_cocycle_proof_cells.csv
  JSON        = support_q550_interval_spline_cocycle_proof.json
  raw NPZ     = support_q550_interval_spline_cocycle_proof_raw.npz
  report      = support_q550_interval_spline_cocycle_proof_report.txt

