
Q=550: orbit=400 periods, tail=70 periods
  Q=550: [   1/400]
  Q=550: [ 100/400]
  Q=550: [ 200/400]
  Q=550: [ 300/400]
  Q=550: [ 400/400]
Script version       = 2026-08-07-q550-endpoint-nesting-dense-span-audit-v5
Q                    = 550
dense starts         = 67 .. 80 (14 starts)
P_oriented           = 4.541666666666667e-01
2 P_line             = 4.555555555555555e-01
edge cap DeltaP      = 1.388888888888884e-03
body steps           = 1308
body step            = 3.472222222222222e-04
cap steps            = 16
cap step             = 8.680555555555525e-05
subdivision sweep    = [8, 16, 32]
architecture         = direct T_O + tiny G_edge; D=(I-G_edge)T_O
==============================================================================
residual subdivisions=8
    body-i67-m8: [    1/1308] radius=2.578e-06 microboxes=8
    body-i67-m8: [  130/1308] radius=1.507e-03 microboxes=1040
    body-i67-m8: [  260/1308] radius=6.558e-03 microboxes=2080
    body-i67-m8: [  390/1308] radius=1.823e-02 microboxes=3120
    body-i67-m8: [  520/1308] radius=3.015e-02 microboxes=4160
    body-i67-m8: [  650/1308] radius=3.978e-02 microboxes=5200
    body-i67-m8: [  780/1308] radius=5.366e-02 microboxes=6240
    body-i67-m8: [  910/1308] radius=6.151e-02 microboxes=7280
    body-i67-m8: [ 1040/1308] radius=7.601e-02 microboxes=8320
    body-i67-m8: [ 1170/1308] radius=9.387e-02 microboxes=9360
    body-i67-m8: [ 1300/1308] radius=1.123e-01 microboxes=10400
    body-i67-m8: [ 1308/1308] radius=1.154e-01 microboxes=10464
    edge-i67-m8: [    1/16] radius=1.587e-07 microboxes=10472
    edge-i67-m8: [    2/16] radius=3.189e-07 microboxes=10480
    edge-i67-m8: [    3/16] radius=4.806e-07 microboxes=10488
    edge-i67-m8: [    4/16] radius=6.440e-07 microboxes=10496
    edge-i67-m8: [    5/16] radius=8.088e-07 microboxes=10504
    edge-i67-m8: [    6/16] radius=9.753e-07 microboxes=10512
    edge-i67-m8: [    7/16] radius=1.143e-06 microboxes=10520
    edge-i67-m8: [    8/16] radius=1.313e-06 microboxes=10528
    edge-i67-m8: [    9/16] radius=1.479e-06 microboxes=10536
    edge-i67-m8: [   10/16] radius=1.652e-06 microboxes=10544
    edge-i67-m8: [   11/16] radius=1.826e-06 microboxes=10552
    edge-i67-m8: [   12/16] radius=2.002e-06 microboxes=10560
    edge-i67-m8: [   13/16] radius=2.179e-06 microboxes=10568
    edge-i67-m8: [   14/16] radius=2.359e-06 microboxes=10576
    edge-i67-m8: [   15/16] radius=2.539e-06 microboxes=10584
    edge-i67-m8: [   16/16] radius=2.722e-06 microboxes=10592
  [  1/14] i=67 epsT=3.163e-02 epsG=2.593e-06 edgeRows=2.527e-02 activeR=1.651e-03 sep=1.105e-02 lower=+9.402e-03 pass=True disc=3.24e-10
    body-i68-m8: [    1/1308] radius=2.582e-06 microboxes=10600
    body-i68-m8: [  130/1308] radius=1.517e-03 microboxes=11632
    body-i68-m8: [  260/1308] radius=6.600e-03 microboxes=12672
    body-i68-m8: [  390/1308] radius=1.834e-02 microboxes=13712
    body-i68-m8: [  520/1308] radius=3.034e-02 microboxes=14752
    body-i68-m8: [  650/1308] radius=4.003e-02 microboxes=15792
    body-i68-m8: [  780/1308] radius=5.400e-02 microboxes=16832
    body-i68-m8: [  910/1308] radius=6.183e-02 microboxes=17872
    body-i68-m8: [ 1040/1308] radius=7.635e-02 microboxes=18912
    body-i68-m8: [ 1170/1308] radius=9.431e-02 microboxes=19952
    body-i68-m8: [ 1300/1308] radius=1.129e-01 microboxes=20992
    body-i68-m8: [ 1308/1308] radius=1.160e-01 microboxes=21056
    edge-i68-m8: [    1/16] radius=1.589e-07 microboxes=21064
    edge-i68-m8: [    2/16] radius=3.194e-07 microboxes=21072
    edge-i68-m8: [    3/16] radius=4.814e-07 microboxes=21080
    edge-i68-m8: [    4/16] radius=6.449e-07 microboxes=21088
    edge-i68-m8: [    5/16] radius=8.100e-07 microboxes=21096
    edge-i68-m8: [    6/16] radius=9.767e-07 microboxes=21104
    edge-i68-m8: [    7/16] radius=1.145e-06 microboxes=21112
    edge-i68-m8: [    8/16] radius=1.315e-06 microboxes=21120
    edge-i68-m8: [    9/16] radius=1.486e-06 microboxes=21128
    edge-i68-m8: [   10/16] radius=1.658e-06 microboxes=21136
    edge-i68-m8: [   11/16] radius=1.833e-06 microboxes=21144
    edge-i68-m8: [   12/16] radius=2.009e-06 microboxes=21152
    edge-i68-m8: [   13/16] radius=2.187e-06 microboxes=21160
    edge-i68-m8: [   14/16] radius=2.366e-06 microboxes=21168
    edge-i68-m8: [   15/16] radius=2.547e-06 microboxes=21176
    edge-i68-m8: [   16/16] radius=2.730e-06 microboxes=21184
    body-i69-m8: [    1/1308] radius=2.578e-06 microboxes=21192
    body-i69-m8: [  130/1308] radius=1.524e-03 microboxes=22224
    body-i69-m8: [  260/1308] radius=6.627e-03 microboxes=23264
    body-i69-m8: [  390/1308] radius=1.840e-02 microboxes=24304
    body-i69-m8: [  520/1308] radius=3.045e-02 microboxes=25344
    body-i69-m8: [  650/1308] radius=4.019e-02 microboxes=26384
    body-i69-m8: [  780/1308] radius=5.424e-02 microboxes=27424
    body-i69-m8: [  910/1308] radius=6.210e-02 microboxes=28464
    body-i69-m8: [ 1040/1308] radius=7.680e-02 microboxes=29504
    body-i69-m8: [ 1170/1308] radius=9.488e-02 microboxes=30544
    body-i69-m8: [ 1300/1308] radius=1.136e-01 microboxes=31584
    body-i69-m8: [ 1308/1308] radius=1.167e-01 microboxes=31648
    edge-i69-m8: [    1/16] radius=1.587e-07 microboxes=31656
    edge-i69-m8: [    2/16] radius=3.189e-07 microboxes=31664
    edge-i69-m8: [    3/16] radius=4.807e-07 microboxes=31672
    edge-i69-m8: [    4/16] radius=6.441e-07 microboxes=31680
    edge-i69-m8: [    5/16] radius=8.090e-07 microboxes=31688
    edge-i69-m8: [    6/16] radius=9.755e-07 microboxes=31696
    edge-i69-m8: [    7/16] radius=1.144e-06 microboxes=31704
    edge-i69-m8: [    8/16] radius=1.313e-06 microboxes=31712
    edge-i69-m8: [    9/16] radius=1.484e-06 microboxes=31720
    edge-i69-m8: [   10/16] radius=1.650e-06 microboxes=31728
    edge-i69-m8: [   11/16] radius=1.825e-06 microboxes=31736
    edge-i69-m8: [   12/16] radius=2.001e-06 microboxes=31744
    edge-i69-m8: [   13/16] radius=2.178e-06 microboxes=31752
    edge-i69-m8: [   14/16] radius=2.357e-06 microboxes=31760
    edge-i69-m8: [   15/16] radius=2.538e-06 microboxes=31768
    edge-i69-m8: [   16/16] radius=2.720e-06 microboxes=31776
    body-i70-m8: [    1/1308] radius=2.578e-06 microboxes=31784
    body-i70-m8: [  130/1308] radius=1.509e-03 microboxes=32816
    body-i70-m8: [  260/1308] radius=6.567e-03 microboxes=33856
    body-i70-m8: [  390/1308] radius=1.825e-02 microboxes=34896
    body-i70-m8: [  520/1308] radius=3.018e-02 microboxes=35936
    body-i70-m8: [  650/1308] radius=3.983e-02 microboxes=36976
    body-i70-m8: [  780/1308] radius=5.373e-02 microboxes=38016
    body-i70-m8: [  910/1308] radius=6.158e-02 microboxes=39056
    body-i70-m8: [ 1040/1308] radius=7.610e-02 microboxes=40096
    body-i70-m8: [ 1170/1308] radius=9.398e-02 microboxes=41136
    body-i70-m8: [ 1300/1308] radius=1.125e-01 microboxes=42176
    body-i70-m8: [ 1308/1308] radius=1.155e-01 microboxes=42240
    edge-i70-m8: [    1/16] radius=1.587e-07 microboxes=42248
    edge-i70-m8: [    2/16] radius=3.189e-07 microboxes=42256
    edge-i70-m8: [    3/16] radius=4.806e-07 microboxes=42264
    edge-i70-m8: [    4/16] radius=6.440e-07 microboxes=42272
    edge-i70-m8: [    5/16] radius=8.088e-07 microboxes=42280
    edge-i70-m8: [    6/16] radius=9.753e-07 microboxes=42288
    edge-i70-m8: [    7/16] radius=1.143e-06 microboxes=42296
    edge-i70-m8: [    8/16] radius=1.313e-06 microboxes=42304
    edge-i70-m8: [    9/16] radius=1.484e-06 microboxes=42312
    edge-i70-m8: [   10/16] radius=1.657e-06 microboxes=42320
    edge-i70-m8: [   11/16] radius=1.823e-06 microboxes=42328
    edge-i70-m8: [   12/16] radius=1.998e-06 microboxes=42336
    edge-i70-m8: [   13/16] radius=2.176e-06 microboxes=42344
    edge-i70-m8: [   14/16] radius=2.355e-06 microboxes=42352
    edge-i70-m8: [   15/16] radius=2.536e-06 microboxes=42360
    edge-i70-m8: [   16/16] radius=2.718e-06 microboxes=42368
    body-i71-m8: [    1/1308] radius=2.582e-06 microboxes=42376
    body-i71-m8: [  130/1308] radius=1.515e-03 microboxes=43408
    body-i71-m8: [  260/1308] radius=6.592e-03 microboxes=44448
    body-i71-m8: [  390/1308] radius=1.832e-02 microboxes=45488
    body-i71-m8: [  520/1308] radius=3.030e-02 microboxes=46528
    body-i71-m8: [  650/1308] radius=3.997e-02 microboxes=47568
    body-i71-m8: [  780/1308] radius=5.393e-02 microboxes=48608
    body-i71-m8: [  910/1308] radius=6.175e-02 microboxes=49648
    body-i71-m8: [ 1040/1308] radius=7.625e-02 microboxes=50688
    body-i71-m8: [ 1170/1308] radius=9.419e-02 microboxes=51728
    body-i71-m8: [ 1300/1308] radius=1.128e-01 microboxes=52768
    body-i71-m8: [ 1308/1308] radius=1.159e-01 microboxes=52832
    edge-i71-m8: [    1/16] radius=1.589e-07 microboxes=52840
    edge-i71-m8: [    2/16] radius=3.194e-07 microboxes=52848
    edge-i71-m8: [    3/16] radius=4.814e-07 microboxes=52856
    edge-i71-m8: [    4/16] radius=6.450e-07 microboxes=52864
    edge-i71-m8: [    5/16] radius=8.101e-07 microboxes=52872
    edge-i71-m8: [    6/16] radius=9.768e-07 microboxes=52880
    edge-i71-m8: [    7/16] radius=1.145e-06 microboxes=52888
    edge-i71-m8: [    8/16] radius=1.315e-06 microboxes=52896
    edge-i71-m8: [    9/16] radius=1.486e-06 microboxes=52904
    edge-i71-m8: [   10/16] radius=1.659e-06 microboxes=52912
    edge-i71-m8: [   11/16] radius=1.834e-06 microboxes=52920
    edge-i71-m8: [   12/16] radius=2.008e-06 microboxes=52928
    edge-i71-m8: [   13/16] radius=2.185e-06 microboxes=52936
    edge-i71-m8: [   14/16] radius=2.365e-06 microboxes=52944
    edge-i71-m8: [   15/16] radius=2.546e-06 microboxes=52952
    edge-i71-m8: [   16/16] radius=2.728e-06 microboxes=52960
  [  5/14] i=71 epsT=3.178e-02 epsG=2.600e-06 edgeRows=2.527e-02 activeR=1.658e-03 sep=1.107e-02 lower=+9.417e-03 pass=True disc=3.23e-10
    body-i72-m8: [    1/1308] radius=2.578e-06 microboxes=52968
    body-i72-m8: [  130/1308] radius=1.526e-03 microboxes=54000
    body-i72-m8: [  260/1308] radius=6.635e-03 microboxes=55040
    body-i72-m8: [  390/1308] radius=1.842e-02 microboxes=56080
    body-i72-m8: [  520/1308] radius=3.049e-02 microboxes=57120
    body-i72-m8: [  650/1308] radius=4.024e-02 microboxes=58160
    body-i72-m8: [  780/1308] radius=5.430e-02 microboxes=59200
    body-i72-m8: [  910/1308] radius=6.218e-02 microboxes=60240
    body-i72-m8: [ 1040/1308] radius=7.690e-02 microboxes=61280
    body-i72-m8: [ 1170/1308] radius=9.501e-02 microboxes=62320
    body-i72-m8: [ 1300/1308] radius=1.138e-01 microboxes=63360
    body-i72-m8: [ 1308/1308] radius=1.169e-01 microboxes=63424
    edge-i72-m8: [    1/16] radius=1.587e-07 microboxes=63432
    edge-i72-m8: [    2/16] radius=3.189e-07 microboxes=63440
    edge-i72-m8: [    3/16] radius=4.807e-07 microboxes=63448
    edge-i72-m8: [    4/16] radius=6.441e-07 microboxes=63456
    edge-i72-m8: [    5/16] radius=8.090e-07 microboxes=63464
    edge-i72-m8: [    6/16] radius=9.755e-07 microboxes=63472
    edge-i72-m8: [    7/16] radius=1.143e-06 microboxes=63480
    edge-i72-m8: [    8/16] radius=1.313e-06 microboxes=63488
    edge-i72-m8: [    9/16] radius=1.484e-06 microboxes=63496
    edge-i72-m8: [   10/16] radius=1.657e-06 microboxes=63504
    edge-i72-m8: [   11/16] radius=1.831e-06 microboxes=63512
    edge-i72-m8: [   12/16] radius=2.007e-06 microboxes=63520
    edge-i72-m8: [   13/16] radius=2.182e-06 microboxes=63528
    edge-i72-m8: [   14/16] radius=2.361e-06 microboxes=63536
    edge-i72-m8: [   15/16] radius=2.541e-06 microboxes=63544
    edge-i72-m8: [   16/16] radius=2.724e-06 microboxes=63552
    body-i73-m8: [    1/1308] radius=2.578e-06 microboxes=63560
    body-i73-m8: [  130/1308] radius=1.511e-03 microboxes=64592
    body-i73-m8: [  260/1308] radius=6.575e-03 microboxes=65632
    body-i73-m8: [  390/1308] radius=1.827e-02 microboxes=66672
    body-i73-m8: [  520/1308] radius=3.022e-02 microboxes=67712
    body-i73-m8: [  650/1308] radius=3.988e-02 microboxes=68752
    body-i73-m8: [  780/1308] radius=5.380e-02 microboxes=69792
    body-i73-m8: [  910/1308] radius=6.166e-02 microboxes=70832
    body-i73-m8: [ 1040/1308] radius=7.620e-02 microboxes=71872
    body-i73-m8: [ 1170/1308] radius=9.410e-02 microboxes=72912
    body-i73-m8: [ 1300/1308] radius=1.126e-01 microboxes=73952
    body-i73-m8: [ 1308/1308] radius=1.157e-01 microboxes=74016
    edge-i73-m8: [    1/16] radius=1.587e-07 microboxes=74024
    edge-i73-m8: [    2/16] radius=3.189e-07 microboxes=74032
    edge-i73-m8: [    3/16] radius=4.807e-07 microboxes=74040
    edge-i73-m8: [    4/16] radius=6.440e-07 microboxes=74048
    edge-i73-m8: [    5/16] radius=8.089e-07 microboxes=74056
    edge-i73-m8: [    6/16] radius=9.753e-07 microboxes=74064
    edge-i73-m8: [    7/16] radius=1.143e-06 microboxes=74072
    edge-i73-m8: [    8/16] radius=1.313e-06 microboxes=74080
    edge-i73-m8: [    9/16] radius=1.484e-06 microboxes=74088
    edge-i73-m8: [   10/16] radius=1.657e-06 microboxes=74096
    edge-i73-m8: [   11/16] radius=1.831e-06 microboxes=74104
    edge-i73-m8: [   12/16] radius=2.007e-06 microboxes=74112
    edge-i73-m8: [   13/16] radius=2.185e-06 microboxes=74120
    edge-i73-m8: [   14/16] radius=2.354e-06 microboxes=74128
    edge-i73-m8: [   15/16] radius=2.535e-06 microboxes=74136
    edge-i73-m8: [   16/16] radius=2.717e-06 microboxes=74144
    body-i74-m8: [    1/1308] radius=2.582e-06 microboxes=74152
    body-i74-m8: [  130/1308] radius=1.513e-03 microboxes=75184
    body-i74-m8: [  260/1308] radius=6.584e-03 microboxes=76224
    body-i74-m8: [  390/1308] radius=1.829e-02 microboxes=77264
    body-i74-m8: [  520/1308] radius=3.026e-02 microboxes=78304
    body-i74-m8: [  650/1308] radius=3.992e-02 microboxes=79344
    body-i74-m8: [  780/1308] radius=5.386e-02 microboxes=80384
    body-i74-m8: [  910/1308] radius=6.167e-02 microboxes=81424
    body-i74-m8: [ 1040/1308] radius=7.615e-02 microboxes=82464
    body-i74-m8: [ 1170/1308] radius=9.407e-02 microboxes=83504
    body-i74-m8: [ 1300/1308] radius=1.126e-01 microboxes=84544
    body-i74-m8: [ 1308/1308] radius=1.157e-01 microboxes=84608
    edge-i74-m8: [    1/16] radius=1.589e-07 microboxes=84616
    edge-i74-m8: [    2/16] radius=3.194e-07 microboxes=84624
    edge-i74-m8: [    3/16] radius=4.814e-07 microboxes=84632
    edge-i74-m8: [    4/16] radius=6.450e-07 microboxes=84640
    edge-i74-m8: [    5/16] radius=8.101e-07 microboxes=84648
    edge-i74-m8: [    6/16] radius=9.768e-07 microboxes=84656
    edge-i74-m8: [    7/16] radius=1.145e-06 microboxes=84664
    edge-i74-m8: [    8/16] radius=1.315e-06 microboxes=84672
    edge-i74-m8: [    9/16] radius=1.486e-06 microboxes=84680
    edge-i74-m8: [   10/16] radius=1.659e-06 microboxes=84688
    edge-i74-m8: [   11/16] radius=1.834e-06 microboxes=84696
    edge-i74-m8: [   12/16] radius=2.010e-06 microboxes=84704
    edge-i74-m8: [   13/16] radius=2.188e-06 microboxes=84712
    edge-i74-m8: [   14/16] radius=2.367e-06 microboxes=84720
    edge-i74-m8: [   15/16] radius=2.542e-06 microboxes=84728
    edge-i74-m8: [   16/16] radius=2.725e-06 microboxes=84736
    body-i75-m8: [    1/1308] radius=2.578e-06 microboxes=84744
    body-i75-m8: [  130/1308] radius=1.528e-03 microboxes=85776
    body-i75-m8: [  260/1308] radius=6.642e-03 microboxes=86816
    body-i75-m8: [  390/1308] radius=1.844e-02 microboxes=87856
    body-i75-m8: [  520/1308] radius=3.053e-02 microboxes=88896
    body-i75-m8: [  650/1308] radius=4.029e-02 microboxes=89936
    body-i75-m8: [  780/1308] radius=5.437e-02 microboxes=90976
    body-i75-m8: [  910/1308] radius=6.226e-02 microboxes=92016
    body-i75-m8: [ 1040/1308] radius=7.700e-02 microboxes=93056
    body-i75-m8: [ 1170/1308] radius=9.513e-02 microboxes=94096
    body-i75-m8: [ 1300/1308] radius=1.139e-01 microboxes=95136
    body-i75-m8: [ 1308/1308] radius=1.170e-01 microboxes=95200
    edge-i75-m8: [    1/16] radius=1.587e-07 microboxes=95208
    edge-i75-m8: [    2/16] radius=3.189e-07 microboxes=95216
    edge-i75-m8: [    3/16] radius=4.807e-07 microboxes=95224
    edge-i75-m8: [    4/16] radius=6.441e-07 microboxes=95232
    edge-i75-m8: [    5/16] radius=8.090e-07 microboxes=95240
    edge-i75-m8: [    6/16] radius=9.755e-07 microboxes=95248
    edge-i75-m8: [    7/16] radius=1.143e-06 microboxes=95256
    edge-i75-m8: [    8/16] radius=1.313e-06 microboxes=95264
    edge-i75-m8: [    9/16] radius=1.484e-06 microboxes=95272
    edge-i75-m8: [   10/16] radius=1.657e-06 microboxes=95280
    edge-i75-m8: [   11/16] radius=1.831e-06 microboxes=95288
    edge-i75-m8: [   12/16] radius=2.007e-06 microboxes=95296
    edge-i75-m8: [   13/16] radius=2.185e-06 microboxes=95304
    edge-i75-m8: [   14/16] radius=2.364e-06 microboxes=95312
    edge-i75-m8: [   15/16] radius=2.545e-06 microboxes=95320
    edge-i75-m8: [   16/16] radius=2.727e-06 microboxes=95328
    body-i76-m8: [    1/1308] radius=2.578e-06 microboxes=95336
    body-i76-m8: [  130/1308] radius=1.513e-03 microboxes=96368
    body-i76-m8: [  260/1308] radius=6.584e-03 microboxes=97408
    body-i76-m8: [  390/1308] radius=1.830e-02 microboxes=98448
    body-i76-m8: [  520/1308] radius=3.026e-02 microboxes=99488
    body-i76-m8: [  650/1308] radius=3.993e-02 microboxes=100528
    body-i76-m8: [  780/1308] radius=5.387e-02 microboxes=101568
    body-i76-m8: [  910/1308] radius=6.174e-02 microboxes=102608
    body-i76-m8: [ 1040/1308] radius=7.629e-02 microboxes=103648
    body-i76-m8: [ 1170/1308] radius=9.421e-02 microboxes=104688
    body-i76-m8: [ 1300/1308] radius=1.127e-01 microboxes=105728
    body-i76-m8: [ 1308/1308] radius=1.158e-01 microboxes=105792
    edge-i76-m8: [    1/16] radius=1.587e-07 microboxes=105800
    edge-i76-m8: [    2/16] radius=3.189e-07 microboxes=105808
    edge-i76-m8: [    3/16] radius=4.807e-07 microboxes=105816
    edge-i76-m8: [    4/16] radius=6.440e-07 microboxes=105824
    edge-i76-m8: [    5/16] radius=8.089e-07 microboxes=105832
    edge-i76-m8: [    6/16] radius=9.753e-07 microboxes=105840
    edge-i76-m8: [    7/16] radius=1.143e-06 microboxes=105848
    edge-i76-m8: [    8/16] radius=1.313e-06 microboxes=105856
    edge-i76-m8: [    9/16] radius=1.484e-06 microboxes=105864
    edge-i76-m8: [   10/16] radius=1.657e-06 microboxes=105872
    edge-i76-m8: [   11/16] radius=1.831e-06 microboxes=105880
    edge-i76-m8: [   12/16] radius=2.007e-06 microboxes=105888
    edge-i76-m8: [   13/16] radius=2.185e-06 microboxes=105896
    edge-i76-m8: [   14/16] radius=2.364e-06 microboxes=105904
    edge-i76-m8: [   15/16] radius=2.544e-06 microboxes=105912
    edge-i76-m8: [   16/16] radius=2.721e-06 microboxes=105920
  [ 10/14] i=76 epsT=3.175e-02 epsG=2.593e-06 edgeRows=2.527e-02 activeR=1.657e-03 sep=1.105e-02 lower=+9.396e-03 pass=True disc=3.23e-10
    body-i77-m8: [    1/1308] radius=2.466e-06 microboxes=105928
    body-i77-m8: [  130/1308] radius=1.511e-03 microboxes=106960
    body-i77-m8: [  260/1308] radius=6.577e-03 microboxes=108000
    body-i77-m8: [  390/1308] radius=1.827e-02 microboxes=109040
    body-i77-m8: [  520/1308] radius=3.022e-02 microboxes=110080
    body-i77-m8: [  650/1308] radius=3.987e-02 microboxes=111120
    body-i77-m8: [  780/1308] radius=5.379e-02 microboxes=112160
    body-i77-m8: [  910/1308] radius=6.159e-02 microboxes=113200
    body-i77-m8: [ 1040/1308] radius=7.606e-02 microboxes=114240
    body-i77-m8: [ 1170/1308] radius=9.395e-02 microboxes=115280
    body-i77-m8: [ 1300/1308] radius=1.125e-01 microboxes=116320
    body-i77-m8: [ 1308/1308] radius=1.156e-01 microboxes=116384
    edge-i77-m8: [    1/16] radius=1.502e-07 microboxes=116392
    edge-i77-m8: [    2/16] radius=3.106e-07 microboxes=116400
    edge-i77-m8: [    3/16] radius=4.726e-07 microboxes=116408
    edge-i77-m8: [    4/16] radius=6.362e-07 microboxes=116416
    edge-i77-m8: [    5/16] radius=8.013e-07 microboxes=116424
    edge-i77-m8: [    6/16] radius=9.679e-07 microboxes=116432
    edge-i77-m8: [    7/16] radius=1.136e-06 microboxes=116440
    edge-i77-m8: [    8/16] radius=1.306e-06 microboxes=116448
    edge-i77-m8: [    9/16] radius=1.477e-06 microboxes=116456
    edge-i77-m8: [   10/16] radius=1.650e-06 microboxes=116464
    edge-i77-m8: [   11/16] radius=1.825e-06 microboxes=116472
    edge-i77-m8: [   12/16] radius=2.001e-06 microboxes=116480
    edge-i77-m8: [   13/16] radius=2.179e-06 microboxes=116488
    edge-i77-m8: [   14/16] radius=2.358e-06 microboxes=116496
    edge-i77-m8: [   15/16] radius=2.539e-06 microboxes=116504
    edge-i77-m8: [   16/16] radius=2.722e-06 microboxes=116512
    body-i78-m8: [    1/1308] radius=2.565e-06 microboxes=116520
    body-i78-m8: [  130/1308] radius=1.526e-03 microboxes=117552
    body-i78-m8: [  260/1308] radius=6.634e-03 microboxes=118592
    body-i78-m8: [  390/1308] radius=1.842e-02 microboxes=119632
    body-i78-m8: [  520/1308] radius=3.049e-02 microboxes=120672
    body-i78-m8: [  650/1308] radius=4.024e-02 microboxes=121712
    body-i78-m8: [  780/1308] radius=5.431e-02 microboxes=122752
    body-i78-m8: [  910/1308] radius=6.219e-02 microboxes=123792
    body-i78-m8: [ 1040/1308] radius=7.691e-02 microboxes=124832
    body-i78-m8: [ 1170/1308] radius=9.502e-02 microboxes=125872
    body-i78-m8: [ 1300/1308] radius=1.138e-01 microboxes=126912
    body-i78-m8: [ 1308/1308] radius=1.169e-01 microboxes=126976
    edge-i78-m8: [    1/16] radius=1.587e-07 microboxes=126984
    edge-i78-m8: [    2/16] radius=3.158e-07 microboxes=126992
    edge-i78-m8: [    3/16] radius=4.775e-07 microboxes=127000
    edge-i78-m8: [    4/16] radius=6.409e-07 microboxes=127008
    edge-i78-m8: [    5/16] radius=8.058e-07 microboxes=127016
    edge-i78-m8: [    6/16] radius=9.722e-07 microboxes=127024
    edge-i78-m8: [    7/16] radius=1.140e-06 microboxes=127032
    edge-i78-m8: [    8/16] radius=1.310e-06 microboxes=127040
    edge-i78-m8: [    9/16] radius=1.481e-06 microboxes=127048
    edge-i78-m8: [   10/16] radius=1.654e-06 microboxes=127056
    edge-i78-m8: [   11/16] radius=1.828e-06 microboxes=127064
    edge-i78-m8: [   12/16] radius=2.004e-06 microboxes=127072
    edge-i78-m8: [   13/16] radius=2.182e-06 microboxes=127080
    edge-i78-m8: [   14/16] radius=2.361e-06 microboxes=127088
    edge-i78-m8: [   15/16] radius=2.542e-06 microboxes=127096
    edge-i78-m8: [   16/16] radius=2.724e-06 microboxes=127104
    body-i79-m8: [    1/1308] radius=2.487e-06 microboxes=127112
    body-i79-m8: [  130/1308] radius=1.514e-03 microboxes=128144
    body-i79-m8: [  260/1308] radius=6.594e-03 microboxes=129184
    body-i79-m8: [  390/1308] radius=1.832e-02 microboxes=130224
    body-i79-m8: [  520/1308] radius=3.030e-02 microboxes=131264
    body-i79-m8: [  650/1308] radius=3.998e-02 microboxes=132304
    body-i79-m8: [  780/1308] radius=5.394e-02 microboxes=133344
    body-i79-m8: [  910/1308] radius=6.182e-02 microboxes=134384
    body-i79-m8: [ 1040/1308] radius=7.639e-02 microboxes=135424
    body-i79-m8: [ 1170/1308] radius=9.433e-02 microboxes=136464
    body-i79-m8: [ 1300/1308] radius=1.129e-01 microboxes=137504
    body-i79-m8: [ 1308/1308] radius=1.159e-01 microboxes=137568
    edge-i79-m8: [    1/16] radius=1.587e-07 microboxes=137576
    edge-i79-m8: [    2/16] radius=3.189e-07 microboxes=137584
    edge-i79-m8: [    3/16] radius=4.782e-07 microboxes=137592
    edge-i79-m8: [    4/16] radius=6.416e-07 microboxes=137600
    edge-i79-m8: [    5/16] radius=8.064e-07 microboxes=137608
    edge-i79-m8: [    6/16] radius=9.729e-07 microboxes=137616
    edge-i79-m8: [    7/16] radius=1.141e-06 microboxes=137624
    edge-i79-m8: [    8/16] radius=1.310e-06 microboxes=137632
    edge-i79-m8: [    9/16] radius=1.482e-06 microboxes=137640
    edge-i79-m8: [   10/16] radius=1.654e-06 microboxes=137648
    edge-i79-m8: [   11/16] radius=1.829e-06 microboxes=137656
    edge-i79-m8: [   12/16] radius=2.005e-06 microboxes=137664
    edge-i79-m8: [   13/16] radius=2.182e-06 microboxes=137672
    edge-i79-m8: [   14/16] radius=2.361e-06 microboxes=137680
    edge-i79-m8: [   15/16] radius=2.542e-06 microboxes=137688
    edge-i79-m8: [   16/16] radius=2.724e-06 microboxes=137696
    body-i80-m8: [    1/1308] radius=2.452e-06 microboxes=137704
    body-i80-m8: [  130/1308] radius=1.509e-03 microboxes=138736
    body-i80-m8: [  260/1308] radius=6.569e-03 microboxes=139776
    body-i80-m8: [  390/1308] radius=1.825e-02 microboxes=140816
    body-i80-m8: [  520/1308] radius=3.018e-02 microboxes=141856
    body-i80-m8: [  650/1308] radius=3.982e-02 microboxes=142896
    body-i80-m8: [  780/1308] radius=5.372e-02 microboxes=143936
    body-i80-m8: [  910/1308] radius=6.151e-02 microboxes=144976
    body-i80-m8: [ 1040/1308] radius=7.596e-02 microboxes=146016
    body-i80-m8: [ 1170/1308] radius=9.383e-02 microboxes=147056
    body-i80-m8: [ 1300/1308] radius=1.124e-01 microboxes=148096
    body-i80-m8: [ 1308/1308] radius=1.154e-01 microboxes=148160
    edge-i80-m8: [    1/16] radius=1.589e-07 microboxes=148168
    edge-i80-m8: [    2/16] radius=3.194e-07 microboxes=148176
    edge-i80-m8: [    3/16] radius=4.814e-07 microboxes=148184
    edge-i80-m8: [    4/16] radius=6.369e-07 microboxes=148192
    edge-i80-m8: [    5/16] radius=8.020e-07 microboxes=148200
    edge-i80-m8: [    6/16] radius=9.687e-07 microboxes=148208
    edge-i80-m8: [    7/16] radius=1.137e-06 microboxes=148216
    edge-i80-m8: [    8/16] radius=1.307e-06 microboxes=148224
    edge-i80-m8: [    9/16] radius=1.478e-06 microboxes=148232
    edge-i80-m8: [   10/16] radius=1.651e-06 microboxes=148240
    edge-i80-m8: [   11/16] radius=1.826e-06 microboxes=148248
    edge-i80-m8: [   12/16] radius=2.002e-06 microboxes=148256
    edge-i80-m8: [   13/16] radius=2.180e-06 microboxes=148264
    edge-i80-m8: [   14/16] radius=2.359e-06 microboxes=148272
    edge-i80-m8: [   15/16] radius=2.540e-06 microboxes=148280
    edge-i80-m8: [   16/16] radius=2.723e-06 microboxes=148288
  [ 14/14] i=80 epsT=3.166e-02 epsG=2.595e-06 edgeRows=2.527e-02 activeR=1.652e-03 sep=1.108e-02 lower=+9.425e-03 pass=True disc=3.23e-10
  summary m=8: passed=14/14 minLower=+9.393872e-03 at i=79 maxR=1.674176e-03 maxDisc=3.259e-10
==============================================================================
residual subdivisions=16
    body-i67-m16: [    1/1308] radius=1.288e-06 microboxes=148304
    body-i67-m16: [  130/1308] radius=7.614e-04 microboxes=150368
    body-i67-m16: [  260/1308] radius=3.313e-03 microboxes=152448
    body-i67-m16: [  390/1308] radius=9.197e-03 microboxes=154528
    body-i67-m16: [  520/1308] radius=1.520e-02 microboxes=156608
    body-i67-m16: [  650/1308] radius=2.004e-02 microboxes=158688
    body-i67-m16: [  780/1308] radius=2.700e-02 microboxes=160768
    body-i67-m16: [  910/1308] radius=3.091e-02 microboxes=162848
    body-i67-m16: [ 1040/1308] radius=3.815e-02 microboxes=164928
    body-i67-m16: [ 1170/1308] radius=4.706e-02 microboxes=167008
    body-i67-m16: [ 1300/1308] radius=5.624e-02 microboxes=169088
    body-i67-m16: [ 1308/1308] radius=5.777e-02 microboxes=169216
    edge-i67-m16: [    1/16] radius=7.933e-08 microboxes=169232
    edge-i67-m16: [    2/16] radius=1.594e-07 microboxes=169248
    edge-i67-m16: [    3/16] radius=2.403e-07 microboxes=169264
    edge-i67-m16: [    4/16] radius=3.219e-07 microboxes=169280
    edge-i67-m16: [    5/16] radius=4.044e-07 microboxes=169296
    edge-i67-m16: [    6/16] radius=4.876e-07 microboxes=169312
    edge-i67-m16: [    7/16] radius=5.716e-07 microboxes=169328
    edge-i67-m16: [    8/16] radius=6.564e-07 microboxes=169344
    edge-i67-m16: [    9/16] radius=7.394e-07 microboxes=169360
    edge-i67-m16: [   10/16] radius=8.258e-07 microboxes=169376
    edge-i67-m16: [   11/16] radius=9.129e-07 microboxes=169392
    edge-i67-m16: [   12/16] radius=1.001e-06 microboxes=169408
    edge-i67-m16: [   13/16] radius=1.090e-06 microboxes=169424
    edge-i67-m16: [   14/16] radius=1.179e-06 microboxes=169440
    edge-i67-m16: [   15/16] radius=1.269e-06 microboxes=169456
    edge-i67-m16: [   16/16] radius=1.361e-06 microboxes=169472
  [  1/14] i=67 epsT=1.584e-02 epsG=1.297e-06 edgeRows=2.527e-02 activeR=8.268e-04 sep=1.105e-02 lower=+1.023e-02 pass=True disc=3.24e-10
    body-i68-m16: [    1/1308] radius=1.290e-06 microboxes=169488
    body-i68-m16: [  130/1308] radius=7.577e-04 microboxes=171552
    body-i68-m16: [  260/1308] radius=3.294e-03 microboxes=173632
    body-i68-m16: [  390/1308] radius=9.145e-03 microboxes=175712
    body-i68-m16: [  520/1308] radius=1.511e-02 microboxes=177792
    body-i68-m16: [  650/1308] radius=1.992e-02 microboxes=179872
    body-i68-m16: [  780/1308] radius=2.685e-02 microboxes=181952
    body-i68-m16: [  910/1308] radius=3.070e-02 microboxes=184032
    body-i68-m16: [ 1040/1308] radius=3.787e-02 microboxes=186112
    body-i68-m16: [ 1170/1308] radius=4.672e-02 microboxes=188192
    body-i68-m16: [ 1300/1308] radius=5.587e-02 microboxes=190272
    body-i68-m16: [ 1308/1308] radius=5.739e-02 microboxes=190400
    edge-i68-m16: [    1/16] radius=7.944e-08 microboxes=190416
    edge-i68-m16: [    2/16] radius=1.597e-07 microboxes=190432
    edge-i68-m16: [    3/16] radius=2.407e-07 microboxes=190448
    edge-i68-m16: [    4/16] radius=3.224e-07 microboxes=190464
    edge-i68-m16: [    5/16] radius=4.050e-07 microboxes=190480
    edge-i68-m16: [    6/16] radius=4.883e-07 microboxes=190496
    edge-i68-m16: [    7/16] radius=5.724e-07 microboxes=190512
    edge-i68-m16: [    8/16] radius=6.573e-07 microboxes=190528
    edge-i68-m16: [    9/16] radius=7.430e-07 microboxes=190544
    edge-i68-m16: [   10/16] radius=8.291e-07 microboxes=190560
    edge-i68-m16: [   11/16] radius=9.164e-07 microboxes=190576
    edge-i68-m16: [   12/16] radius=1.004e-06 microboxes=190592
    edge-i68-m16: [   13/16] radius=1.093e-06 microboxes=190608
    edge-i68-m16: [   14/16] radius=1.183e-06 microboxes=190624
    edge-i68-m16: [   15/16] radius=1.274e-06 microboxes=190640
    edge-i68-m16: [   16/16] radius=1.365e-06 microboxes=190656
    body-i69-m16: [    1/1308] radius=1.288e-06 microboxes=190672
    body-i69-m16: [  130/1308] radius=7.612e-04 microboxes=192736
    body-i69-m16: [  260/1308] radius=3.307e-03 microboxes=194816
    body-i69-m16: [  390/1308] radius=9.174e-03 microboxes=196896
    body-i69-m16: [  520/1308] radius=1.517e-02 microboxes=198976
    body-i69-m16: [  650/1308] radius=2.000e-02 microboxes=201056
    body-i69-m16: [  780/1308] radius=2.697e-02 microboxes=203136
    body-i69-m16: [  910/1308] radius=3.084e-02 microboxes=205216
    body-i69-m16: [ 1040/1308] radius=3.809e-02 microboxes=207296
    body-i69-m16: [ 1170/1308] radius=4.700e-02 microboxes=209376
    body-i69-m16: [ 1300/1308] radius=5.620e-02 microboxes=211456
    body-i69-m16: [ 1308/1308] radius=5.773e-02 microboxes=211584
    edge-i69-m16: [    1/16] radius=7.934e-08 microboxes=211600
    edge-i69-m16: [    2/16] radius=1.595e-07 microboxes=211616
    edge-i69-m16: [    3/16] radius=2.403e-07 microboxes=211632
    edge-i69-m16: [    4/16] radius=3.220e-07 microboxes=211648
    edge-i69-m16: [    5/16] radius=4.045e-07 microboxes=211664
    edge-i69-m16: [    6/16] radius=4.877e-07 microboxes=211680
    edge-i69-m16: [    7/16] radius=5.717e-07 microboxes=211696
    edge-i69-m16: [    8/16] radius=6.565e-07 microboxes=211712
    edge-i69-m16: [    9/16] radius=7.421e-07 microboxes=211728
    edge-i69-m16: [   10/16] radius=8.266e-07 microboxes=211744
    edge-i69-m16: [   11/16] radius=9.137e-07 microboxes=211760
    edge-i69-m16: [   12/16] radius=1.002e-06 microboxes=211776
    edge-i69-m16: [   13/16] radius=1.090e-06 microboxes=211792
    edge-i69-m16: [   14/16] radius=1.180e-06 microboxes=211808
    edge-i69-m16: [   15/16] radius=1.270e-06 microboxes=211824
    edge-i69-m16: [   16/16] radius=1.362e-06 microboxes=211840
    body-i70-m16: [    1/1308] radius=1.288e-06 microboxes=211856
    body-i70-m16: [  130/1308] radius=7.605e-04 microboxes=213920
    body-i70-m16: [  260/1308] radius=3.309e-03 microboxes=216000
    body-i70-m16: [  390/1308] radius=9.186e-03 microboxes=218080
    body-i70-m16: [  520/1308] radius=1.518e-02 microboxes=220160
    body-i70-m16: [  650/1308] radius=2.001e-02 microboxes=222240
    body-i70-m16: [  780/1308] radius=2.697e-02 microboxes=224320
    body-i70-m16: [  910/1308] radius=3.087e-02 microboxes=226400
    body-i70-m16: [ 1040/1308] radius=3.811e-02 microboxes=228480
    body-i70-m16: [ 1170/1308] radius=4.700e-02 microboxes=230560
    body-i70-m16: [ 1300/1308] radius=5.617e-02 microboxes=232640
    body-i70-m16: [ 1308/1308] radius=5.769e-02 microboxes=232768
    edge-i70-m16: [    1/16] radius=7.933e-08 microboxes=232784
    edge-i70-m16: [    2/16] radius=1.594e-07 microboxes=232800
    edge-i70-m16: [    3/16] radius=2.403e-07 microboxes=232816
    edge-i70-m16: [    4/16] radius=3.219e-07 microboxes=232832
    edge-i70-m16: [    5/16] radius=4.044e-07 microboxes=232848
    edge-i70-m16: [    6/16] radius=4.876e-07 microboxes=232864
    edge-i70-m16: [    7/16] radius=5.716e-07 microboxes=232880
    edge-i70-m16: [    8/16] radius=6.564e-07 microboxes=232896
    edge-i70-m16: [    9/16] radius=7.419e-07 microboxes=232912
    edge-i70-m16: [   10/16] radius=8.283e-07 microboxes=232928
    edge-i70-m16: [   11/16] radius=9.144e-07 microboxes=232944
    edge-i70-m16: [   12/16] radius=1.002e-06 microboxes=232960
    edge-i70-m16: [   13/16] radius=1.091e-06 microboxes=232976
    edge-i70-m16: [   14/16] radius=1.181e-06 microboxes=232992
    edge-i70-m16: [   15/16] radius=1.271e-06 microboxes=233008
    edge-i70-m16: [   16/16] radius=1.362e-06 microboxes=233024
    body-i71-m16: [    1/1308] radius=1.290e-06 microboxes=233040
    body-i71-m16: [  130/1308] radius=7.582e-04 microboxes=235104
    body-i71-m16: [  260/1308] radius=3.296e-03 microboxes=237184
    body-i71-m16: [  390/1308] radius=9.151e-03 microboxes=239264
    body-i71-m16: [  520/1308] radius=1.512e-02 microboxes=241344
    body-i71-m16: [  650/1308] radius=1.993e-02 microboxes=243424
    body-i71-m16: [  780/1308] radius=2.686e-02 microboxes=245504
    body-i71-m16: [  910/1308] radius=3.072e-02 microboxes=247584
    body-i71-m16: [ 1040/1308] radius=3.789e-02 microboxes=249664
    body-i71-m16: [ 1170/1308] radius=4.675e-02 microboxes=251744
    body-i71-m16: [ 1300/1308] radius=5.591e-02 microboxes=253824
    body-i71-m16: [ 1308/1308] radius=5.742e-02 microboxes=253952
    edge-i71-m16: [    1/16] radius=7.945e-08 microboxes=253968
    edge-i71-m16: [    2/16] radius=1.597e-07 microboxes=253984
    edge-i71-m16: [    3/16] radius=2.407e-07 microboxes=254000
    edge-i71-m16: [    4/16] radius=3.224e-07 microboxes=254016
    edge-i71-m16: [    5/16] radius=4.050e-07 microboxes=254032
    edge-i71-m16: [    6/16] radius=4.883e-07 microboxes=254048
    edge-i71-m16: [    7/16] radius=5.725e-07 microboxes=254064
    edge-i71-m16: [    8/16] radius=6.574e-07 microboxes=254080
    edge-i71-m16: [    9/16] radius=7.431e-07 microboxes=254096
    edge-i71-m16: [   10/16] radius=8.296e-07 microboxes=254112
    edge-i71-m16: [   11/16] radius=9.169e-07 microboxes=254128
    edge-i71-m16: [   12/16] radius=1.004e-06 microboxes=254144
    edge-i71-m16: [   13/16] radius=1.093e-06 microboxes=254160
    edge-i71-m16: [   14/16] radius=1.182e-06 microboxes=254176
    edge-i71-m16: [   15/16] radius=1.273e-06 microboxes=254192
    edge-i71-m16: [   16/16] radius=1.364e-06 microboxes=254208
  [  5/14] i=71 epsT=1.575e-02 epsG=1.300e-06 edgeRows=2.527e-02 activeR=8.218e-04 sep=1.107e-02 lower=+1.025e-02 pass=True disc=3.23e-10
    body-i72-m16: [    1/1308] radius=1.288e-06 microboxes=254224
    body-i72-m16: [  130/1308] radius=7.621e-04 microboxes=256288
    body-i72-m16: [  260/1308] radius=3.311e-03 microboxes=258368
    body-i72-m16: [  390/1308] radius=9.185e-03 microboxes=260448
    body-i72-m16: [  520/1308] radius=1.519e-02 microboxes=262528
    body-i72-m16: [  650/1308] radius=2.003e-02 microboxes=264608
    body-i72-m16: [  780/1308] radius=2.700e-02 microboxes=266688
    body-i72-m16: [  910/1308] radius=3.088e-02 microboxes=268768
    body-i72-m16: [ 1040/1308] radius=3.814e-02 microboxes=270848
    body-i72-m16: [ 1170/1308] radius=4.706e-02 microboxes=272928
    body-i72-m16: [ 1300/1308] radius=5.628e-02 microboxes=275008
    body-i72-m16: [ 1308/1308] radius=5.780e-02 microboxes=275136
    edge-i72-m16: [    1/16] radius=7.934e-08 microboxes=275152
    edge-i72-m16: [    2/16] radius=1.595e-07 microboxes=275168
    edge-i72-m16: [    3/16] radius=2.403e-07 microboxes=275184
    edge-i72-m16: [    4/16] radius=3.220e-07 microboxes=275200
    edge-i72-m16: [    5/16] radius=4.044e-07 microboxes=275216
    edge-i72-m16: [    6/16] radius=4.877e-07 microboxes=275232
    edge-i72-m16: [    7/16] radius=5.717e-07 microboxes=275248
    edge-i72-m16: [    8/16] radius=6.565e-07 microboxes=275264
    edge-i72-m16: [    9/16] radius=7.421e-07 microboxes=275280
    edge-i72-m16: [   10/16] radius=8.284e-07 microboxes=275296
    edge-i72-m16: [   11/16] radius=9.156e-07 microboxes=275312
    edge-i72-m16: [   12/16] radius=1.004e-06 microboxes=275328
    edge-i72-m16: [   13/16] radius=1.091e-06 microboxes=275344
    edge-i72-m16: [   14/16] radius=1.180e-06 microboxes=275360
    edge-i72-m16: [   15/16] radius=1.271e-06 microboxes=275376
    edge-i72-m16: [   16/16] radius=1.362e-06 microboxes=275392
    body-i73-m16: [    1/1308] radius=1.288e-06 microboxes=275408
    body-i73-m16: [  130/1308] radius=7.596e-04 microboxes=277472
    body-i73-m16: [  260/1308] radius=3.305e-03 microboxes=279552
    body-i73-m16: [  390/1308] radius=9.174e-03 microboxes=281632
    body-i73-m16: [  520/1308] radius=1.516e-02 microboxes=283712
    body-i73-m16: [  650/1308] radius=1.999e-02 microboxes=285792
    body-i73-m16: [  780/1308] radius=2.694e-02 microboxes=287872
    body-i73-m16: [  910/1308] radius=3.083e-02 microboxes=289952
    body-i73-m16: [ 1040/1308] radius=3.806e-02 microboxes=292032
    body-i73-m16: [ 1170/1308] radius=4.694e-02 microboxes=294112
    body-i73-m16: [ 1300/1308] radius=5.610e-02 microboxes=296192
    body-i73-m16: [ 1308/1308] radius=5.762e-02 microboxes=296320
    edge-i73-m16: [    1/16] radius=7.933e-08 microboxes=296336
    edge-i73-m16: [    2/16] radius=1.594e-07 microboxes=296352
    edge-i73-m16: [    3/16] radius=2.403e-07 microboxes=296368
    edge-i73-m16: [    4/16] radius=3.220e-07 microboxes=296384
    edge-i73-m16: [    5/16] radius=4.044e-07 microboxes=296400
    edge-i73-m16: [    6/16] radius=4.876e-07 microboxes=296416
    edge-i73-m16: [    7/16] radius=5.716e-07 microboxes=296432
    edge-i73-m16: [    8/16] radius=6.564e-07 microboxes=296448
    edge-i73-m16: [    9/16] radius=7.419e-07 microboxes=296464
    edge-i73-m16: [   10/16] radius=8.283e-07 microboxes=296480
    edge-i73-m16: [   11/16] radius=9.155e-07 microboxes=296496
    edge-i73-m16: [   12/16] radius=1.003e-06 microboxes=296512
    edge-i73-m16: [   13/16] radius=1.092e-06 microboxes=296528
    edge-i73-m16: [   14/16] radius=1.181e-06 microboxes=296544
    edge-i73-m16: [   15/16] radius=1.271e-06 microboxes=296560
    edge-i73-m16: [   16/16] radius=1.363e-06 microboxes=296576
    body-i74-m16: [    1/1308] radius=1.290e-06 microboxes=296592
    body-i74-m16: [  130/1308] radius=7.591e-04 microboxes=298656
    body-i74-m16: [  260/1308] radius=3.300e-03 microboxes=300736
    body-i74-m16: [  390/1308] radius=9.162e-03 microboxes=302816
    body-i74-m16: [  520/1308] radius=1.514e-02 microboxes=304896
    body-i74-m16: [  650/1308] radius=1.996e-02 microboxes=306976
    body-i74-m16: [  780/1308] radius=2.690e-02 microboxes=309056
    body-i74-m16: [  910/1308] radius=3.076e-02 microboxes=311136
    body-i74-m16: [ 1040/1308] radius=3.794e-02 microboxes=313216
    body-i74-m16: [ 1170/1308] radius=4.681e-02 microboxes=315296
    body-i74-m16: [ 1300/1308] radius=5.598e-02 microboxes=317376
    body-i74-m16: [ 1308/1308] radius=5.750e-02 microboxes=317504
    edge-i74-m16: [    1/16] radius=7.945e-08 microboxes=317520
    edge-i74-m16: [    2/16] radius=1.597e-07 microboxes=317536
    edge-i74-m16: [    3/16] radius=2.407e-07 microboxes=317552
    edge-i74-m16: [    4/16] radius=3.225e-07 microboxes=317568
    edge-i74-m16: [    5/16] radius=4.050e-07 microboxes=317584
    edge-i74-m16: [    6/16] radius=4.883e-07 microboxes=317600
    edge-i74-m16: [    7/16] radius=5.725e-07 microboxes=317616
    edge-i74-m16: [    8/16] radius=6.574e-07 microboxes=317632
    edge-i74-m16: [    9/16] radius=7.431e-07 microboxes=317648
    edge-i74-m16: [   10/16] radius=8.296e-07 microboxes=317664
    edge-i74-m16: [   11/16] radius=9.169e-07 microboxes=317680
    edge-i74-m16: [   12/16] radius=1.005e-06 microboxes=317696
    edge-i74-m16: [   13/16] radius=1.094e-06 microboxes=317712
    edge-i74-m16: [   14/16] radius=1.184e-06 microboxes=317728
    edge-i74-m16: [   15/16] radius=1.272e-06 microboxes=317744
    edge-i74-m16: [   16/16] radius=1.363e-06 microboxes=317760
    body-i75-m16: [    1/1308] radius=1.288e-06 microboxes=317776
    body-i75-m16: [  130/1308] radius=7.630e-04 microboxes=319840
    body-i75-m16: [  260/1308] radius=3.315e-03 microboxes=321920
    body-i75-m16: [  390/1308] radius=9.196e-03 microboxes=324000
    body-i75-m16: [  520/1308] radius=1.521e-02 microboxes=326080
    body-i75-m16: [  650/1308] radius=2.005e-02 microboxes=328160
    body-i75-m16: [  780/1308] radius=2.703e-02 microboxes=330240
    body-i75-m16: [  910/1308] radius=3.092e-02 microboxes=332320
    body-i75-m16: [ 1040/1308] radius=3.819e-02 microboxes=334400
    body-i75-m16: [ 1170/1308] radius=4.712e-02 microboxes=336480
    body-i75-m16: [ 1300/1308] radius=5.635e-02 microboxes=338560
    body-i75-m16: [ 1308/1308] radius=5.788e-02 microboxes=338688
    edge-i75-m16: [    1/16] radius=7.934e-08 microboxes=338704
    edge-i75-m16: [    2/16] radius=1.595e-07 microboxes=338720
    edge-i75-m16: [    3/16] radius=2.403e-07 microboxes=338736
    edge-i75-m16: [    4/16] radius=3.220e-07 microboxes=338752
    edge-i75-m16: [    5/16] radius=4.044e-07 microboxes=338768
    edge-i75-m16: [    6/16] radius=4.877e-07 microboxes=338784
    edge-i75-m16: [    7/16] radius=5.717e-07 microboxes=338800
    edge-i75-m16: [    8/16] radius=6.565e-07 microboxes=338816
    edge-i75-m16: [    9/16] radius=7.421e-07 microboxes=338832
    edge-i75-m16: [   10/16] radius=8.284e-07 microboxes=338848
    edge-i75-m16: [   11/16] radius=9.156e-07 microboxes=338864
    edge-i75-m16: [   12/16] radius=1.004e-06 microboxes=338880
    edge-i75-m16: [   13/16] radius=1.092e-06 microboxes=338896
    edge-i75-m16: [   14/16] radius=1.182e-06 microboxes=338912
    edge-i75-m16: [   15/16] radius=1.272e-06 microboxes=338928
    edge-i75-m16: [   16/16] radius=1.363e-06 microboxes=338944
    body-i76-m16: [    1/1308] radius=1.288e-06 microboxes=338960
    body-i76-m16: [  130/1308] radius=7.587e-04 microboxes=341024
    body-i76-m16: [  260/1308] radius=3.300e-03 microboxes=343104
    body-i76-m16: [  390/1308] radius=9.163e-03 microboxes=345184
    body-i76-m16: [  520/1308] radius=1.514e-02 microboxes=347264
    body-i76-m16: [  650/1308] radius=1.996e-02 microboxes=349344
    body-i76-m16: [  780/1308] radius=2.690e-02 microboxes=351424
    body-i76-m16: [  910/1308] radius=3.079e-02 microboxes=353504
    body-i76-m16: [ 1040/1308] radius=3.801e-02 microboxes=355584
    body-i76-m16: [ 1170/1308] radius=4.688e-02 microboxes=357664
    body-i76-m16: [ 1300/1308] radius=5.602e-02 microboxes=359744
    body-i76-m16: [ 1308/1308] radius=5.754e-02 microboxes=359872
    edge-i76-m16: [    1/16] radius=7.933e-08 microboxes=359888
    edge-i76-m16: [    2/16] radius=1.594e-07 microboxes=359904
    edge-i76-m16: [    3/16] radius=2.403e-07 microboxes=359920
    edge-i76-m16: [    4/16] radius=3.220e-07 microboxes=359936
    edge-i76-m16: [    5/16] radius=4.044e-07 microboxes=359952
    edge-i76-m16: [    6/16] radius=4.876e-07 microboxes=359968
    edge-i76-m16: [    7/16] radius=5.716e-07 microboxes=359984
    edge-i76-m16: [    8/16] radius=6.564e-07 microboxes=360000
    edge-i76-m16: [    9/16] radius=7.419e-07 microboxes=360016
    edge-i76-m16: [   10/16] radius=8.283e-07 microboxes=360032
    edge-i76-m16: [   11/16] radius=9.155e-07 microboxes=360048
    edge-i76-m16: [   12/16] radius=1.003e-06 microboxes=360064
    edge-i76-m16: [   13/16] radius=1.092e-06 microboxes=360080
    edge-i76-m16: [   14/16] radius=1.182e-06 microboxes=360096
    edge-i76-m16: [   15/16] radius=1.272e-06 microboxes=360112
    edge-i76-m16: [   16/16] radius=1.361e-06 microboxes=360128
  [ 10/14] i=76 epsT=1.578e-02 epsG=1.297e-06 edgeRows=2.527e-02 activeR=8.236e-04 sep=1.105e-02 lower=+1.023e-02 pass=True disc=3.23e-10
    body-i77-m16: [    1/1308] radius=1.268e-06 microboxes=360144
    body-i77-m16: [  130/1308] radius=7.600e-04 microboxes=362208
    body-i77-m16: [  260/1308] radius=3.305e-03 microboxes=364288
    body-i77-m16: [  390/1308] radius=9.174e-03 microboxes=366368
    body-i77-m16: [  520/1308] radius=1.516e-02 microboxes=368448
    body-i77-m16: [  650/1308] radius=1.998e-02 microboxes=370528
    body-i77-m16: [  780/1308] radius=2.693e-02 microboxes=372608
    body-i77-m16: [  910/1308] radius=3.080e-02 microboxes=374688
    body-i77-m16: [ 1040/1308] radius=3.799e-02 microboxes=376768
    body-i77-m16: [ 1170/1308] radius=4.686e-02 microboxes=378848
    body-i77-m16: [ 1300/1308] radius=5.605e-02 microboxes=380928
    body-i77-m16: [ 1308/1308] radius=5.757e-02 microboxes=381056
    edge-i77-m16: [    1/16] radius=7.886e-08 microboxes=381072
    edge-i77-m16: [    2/16] radius=1.591e-07 microboxes=381088
    edge-i77-m16: [    3/16] radius=2.401e-07 microboxes=381104
    edge-i77-m16: [    4/16] radius=3.219e-07 microboxes=381120
    edge-i77-m16: [    5/16] radius=4.044e-07 microboxes=381136
    edge-i77-m16: [    6/16] radius=4.877e-07 microboxes=381152
    edge-i77-m16: [    7/16] radius=5.719e-07 microboxes=381168
    edge-i77-m16: [    8/16] radius=6.568e-07 microboxes=381184
    edge-i77-m16: [    9/16] radius=7.425e-07 microboxes=381200
    edge-i77-m16: [   10/16] radius=8.290e-07 microboxes=381216
    edge-i77-m16: [   11/16] radius=9.163e-07 microboxes=381232
    edge-i77-m16: [   12/16] radius=1.004e-06 microboxes=381248
    edge-i77-m16: [   13/16] radius=1.093e-06 microboxes=381264
    edge-i77-m16: [   14/16] radius=1.183e-06 microboxes=381280
    edge-i77-m16: [   15/16] radius=1.273e-06 microboxes=381296
    edge-i77-m16: [   16/16] radius=1.365e-06 microboxes=381312
    body-i78-m16: [    1/1308] radius=1.282e-06 microboxes=381328
    body-i78-m16: [  130/1308] radius=7.620e-04 microboxes=383392
    body-i78-m16: [  260/1308] radius=3.311e-03 microboxes=385472
    body-i78-m16: [  390/1308] radius=9.185e-03 microboxes=387552
    body-i78-m16: [  520/1308] radius=1.519e-02 microboxes=389632
    body-i78-m16: [  650/1308] radius=2.003e-02 microboxes=391712
    body-i78-m16: [  780/1308] radius=2.700e-02 microboxes=393792
    body-i78-m16: [  910/1308] radius=3.088e-02 microboxes=395872
    body-i78-m16: [ 1040/1308] radius=3.814e-02 microboxes=397952
    body-i78-m16: [ 1170/1308] radius=4.707e-02 microboxes=400032
    body-i78-m16: [ 1300/1308] radius=5.628e-02 microboxes=402112
    body-i78-m16: [ 1308/1308] radius=5.781e-02 microboxes=402240
    edge-i78-m16: [    1/16] radius=7.934e-08 microboxes=402256
    edge-i78-m16: [    2/16] radius=1.579e-07 microboxes=402272
    edge-i78-m16: [    3/16] radius=2.387e-07 microboxes=402288
    edge-i78-m16: [    4/16] radius=3.204e-07 microboxes=402304
    edge-i78-m16: [    5/16] radius=4.028e-07 microboxes=402320
    edge-i78-m16: [    6/16] radius=4.860e-07 microboxes=402336
    edge-i78-m16: [    7/16] radius=5.701e-07 microboxes=402352
    edge-i78-m16: [    8/16] radius=6.548e-07 microboxes=402368
    edge-i78-m16: [    9/16] radius=7.404e-07 microboxes=402384
    edge-i78-m16: [   10/16] radius=8.268e-07 microboxes=402400
    edge-i78-m16: [   11/16] radius=9.140e-07 microboxes=402416
    edge-i78-m16: [   12/16] radius=1.002e-06 microboxes=402432
    edge-i78-m16: [   13/16] radius=1.091e-06 microboxes=402448
    edge-i78-m16: [   14/16] radius=1.180e-06 microboxes=402464
    edge-i78-m16: [   15/16] radius=1.271e-06 microboxes=402480
    edge-i78-m16: [   16/16] radius=1.362e-06 microboxes=402496
    body-i79-m16: [    1/1308] radius=1.253e-06 microboxes=402512
    body-i79-m16: [  130/1308] radius=7.577e-04 microboxes=404576
    body-i79-m16: [  260/1308] radius=3.297e-03 microboxes=406656
    body-i79-m16: [  390/1308] radius=9.151e-03 microboxes=408736
    body-i79-m16: [  520/1308] radius=1.512e-02 microboxes=410816
    body-i79-m16: [  650/1308] radius=1.994e-02 microboxes=412896
    body-i79-m16: [  780/1308] radius=2.687e-02 microboxes=414976
    body-i79-m16: [  910/1308] radius=3.076e-02 microboxes=417056
    body-i79-m16: [ 1040/1308] radius=3.796e-02 microboxes=419136
    body-i79-m16: [ 1170/1308] radius=4.682e-02 microboxes=421216
    body-i79-m16: [ 1300/1308] radius=5.595e-02 microboxes=423296
    body-i79-m16: [ 1308/1308] radius=5.747e-02 microboxes=423424
    edge-i79-m16: [    1/16] radius=7.933e-08 microboxes=423440
    edge-i79-m16: [    2/16] radius=1.594e-07 microboxes=423456
    edge-i79-m16: [    3/16] radius=2.391e-07 microboxes=423472
    edge-i79-m16: [    4/16] radius=3.207e-07 microboxes=423488
    edge-i79-m16: [    5/16] radius=4.032e-07 microboxes=423504
    edge-i79-m16: [    6/16] radius=4.864e-07 microboxes=423520
    edge-i79-m16: [    7/16] radius=5.704e-07 microboxes=423536
    edge-i79-m16: [    8/16] radius=6.551e-07 microboxes=423552
    edge-i79-m16: [    9/16] radius=7.407e-07 microboxes=423568
    edge-i79-m16: [   10/16] radius=8.271e-07 microboxes=423584
    edge-i79-m16: [   11/16] radius=9.142e-07 microboxes=423600
    edge-i79-m16: [   12/16] radius=1.002e-06 microboxes=423616
    edge-i79-m16: [   13/16] radius=1.091e-06 microboxes=423632
    edge-i79-m16: [   14/16] radius=1.180e-06 microboxes=423648
    edge-i79-m16: [   15/16] radius=1.271e-06 microboxes=423664
    edge-i79-m16: [   16/16] radius=1.362e-06 microboxes=423680
    body-i80-m16: [    1/1308] radius=1.274e-06 microboxes=423696
    body-i80-m16: [  130/1308] radius=7.610e-04 microboxes=425760
    body-i80-m16: [  260/1308] radius=3.309e-03 microboxes=427840
    body-i80-m16: [  390/1308] radius=9.185e-03 microboxes=429920
    body-i80-m16: [  520/1308] radius=1.518e-02 microboxes=432000
    body-i80-m16: [  650/1308] radius=2.001e-02 microboxes=434080
    body-i80-m16: [  780/1308] radius=2.696e-02 microboxes=436160
    body-i80-m16: [  910/1308] radius=3.084e-02 microboxes=438240
    body-i80-m16: [ 1040/1308] radius=3.803e-02 microboxes=440320
    body-i80-m16: [ 1170/1308] radius=4.692e-02 microboxes=442400
    body-i80-m16: [ 1300/1308] radius=5.612e-02 microboxes=444480
    body-i80-m16: [ 1308/1308] radius=5.764e-02 microboxes=444608
    edge-i80-m16: [    1/16] radius=7.945e-08 microboxes=444624
    edge-i80-m16: [    2/16] radius=1.597e-07 microboxes=444640
    edge-i80-m16: [    3/16] radius=2.407e-07 microboxes=444656
    edge-i80-m16: [    4/16] radius=3.215e-07 microboxes=444672
    edge-i80-m16: [    5/16] radius=4.040e-07 microboxes=444688
    edge-i80-m16: [    6/16] radius=4.874e-07 microboxes=444704
    edge-i80-m16: [    7/16] radius=5.715e-07 microboxes=444720
    edge-i80-m16: [    8/16] radius=6.564e-07 microboxes=444736
    edge-i80-m16: [    9/16] radius=7.421e-07 microboxes=444752
    edge-i80-m16: [   10/16] radius=8.286e-07 microboxes=444768
    edge-i80-m16: [   11/16] radius=9.159e-07 microboxes=444784
    edge-i80-m16: [   12/16] radius=1.004e-06 microboxes=444800
    edge-i80-m16: [   13/16] radius=1.093e-06 microboxes=444816
    edge-i80-m16: [   14/16] radius=1.183e-06 microboxes=444832
    edge-i80-m16: [   15/16] radius=1.273e-06 microboxes=444848
    edge-i80-m16: [   16/16] radius=1.364e-06 microboxes=444864
  [ 14/14] i=80 epsT=1.581e-02 epsG=1.300e-06 edgeRows=2.527e-02 activeR=8.249e-04 sep=1.108e-02 lower=+1.025e-02 pass=True disc=3.23e-10
  summary m=16: passed=14/14 minLower=+1.022651e-02 at i=67 maxR=8.281617e-04 maxDisc=3.259e-10
==============================================================================
residual subdivisions=32
    body-i67-m32: [    1/1308] radius=6.440e-07 microboxes=444896
    body-i67-m32: [  130/1308] radius=3.805e-04 microboxes=449024
    body-i67-m32: [  260/1308] radius=1.655e-03 microboxes=453184
    body-i67-m32: [  390/1308] radius=4.592e-03 microboxes=457344
    body-i67-m32: [  520/1308] radius=7.585e-03 microboxes=461504
    body-i67-m32: [  650/1308] radius=9.997e-03 microboxes=465664
    body-i67-m32: [  780/1308] radius=1.346e-02 microboxes=469824
    body-i67-m32: [  910/1308] radius=1.540e-02 microboxes=473984
    body-i67-m32: [ 1040/1308] radius=1.900e-02 microboxes=478144
    body-i67-m32: [ 1170/1308] radius=2.342e-02 microboxes=482304
    body-i67-m32: [ 1300/1308] radius=2.797e-02 microboxes=486464
    body-i67-m32: [ 1308/1308] radius=2.873e-02 microboxes=486720
    edge-i67-m32: [    1/16] radius=3.966e-08 microboxes=486752
    edge-i67-m32: [    2/16] radius=7.971e-08 microboxes=486784
    edge-i67-m32: [    3/16] radius=1.201e-07 microboxes=486816
    edge-i67-m32: [    4/16] radius=1.610e-07 microboxes=486848
    edge-i67-m32: [    5/16] radius=2.022e-07 microboxes=486880
    edge-i67-m32: [    6/16] radius=2.438e-07 microboxes=486912
    edge-i67-m32: [    7/16] radius=2.858e-07 microboxes=486944
    edge-i67-m32: [    8/16] radius=3.282e-07 microboxes=486976
    edge-i67-m32: [    9/16] radius=3.709e-07 microboxes=487008
    edge-i67-m32: [   10/16] radius=4.141e-07 microboxes=487040
    edge-i67-m32: [   11/16] radius=4.576e-07 microboxes=487072
    edge-i67-m32: [   12/16] radius=5.016e-07 microboxes=487104
    edge-i67-m32: [   13/16] radius=5.460e-07 microboxes=487136
    edge-i67-m32: [   14/16] radius=5.907e-07 microboxes=487168
    edge-i67-m32: [   15/16] radius=6.359e-07 microboxes=487200
    edge-i67-m32: [   16/16] radius=6.815e-07 microboxes=487232
  [  1/14] i=67 epsT=7.876e-03 epsG=6.494e-07 edgeRows=2.527e-02 activeR=4.112e-04 sep=1.105e-02 lower=+1.064e-02 pass=True disc=3.24e-10
    body-i68-m32: [    1/1308] radius=6.450e-07 microboxes=487264
    body-i68-m32: [  130/1308] radius=3.813e-04 microboxes=491392
    body-i68-m32: [  260/1308] radius=1.657e-03 microboxes=495552
    body-i68-m32: [  390/1308] radius=4.599e-03 microboxes=499712
    body-i68-m32: [  520/1308] radius=7.597e-03 microboxes=503872
    body-i68-m32: [  650/1308] radius=1.001e-02 microboxes=508032
    body-i68-m32: [  780/1308] radius=1.348e-02 microboxes=512192
    body-i68-m32: [  910/1308] radius=1.541e-02 microboxes=516352
    body-i68-m32: [ 1040/1308] radius=1.899e-02 microboxes=520512
    body-i68-m32: [ 1170/1308] radius=2.342e-02 microboxes=524672
    body-i68-m32: [ 1300/1308] radius=2.799e-02 microboxes=528832
    body-i68-m32: [ 1308/1308] radius=2.875e-02 microboxes=529088
    edge-i68-m32: [    1/16] radius=3.972e-08 microboxes=529120
    edge-i68-m32: [    2/16] radius=7.983e-08 microboxes=529152
    edge-i68-m32: [    3/16] radius=1.203e-07 microboxes=529184
    edge-i68-m32: [    4/16] radius=1.612e-07 microboxes=529216
    edge-i68-m32: [    5/16] radius=2.025e-07 microboxes=529248
    edge-i68-m32: [    6/16] radius=2.441e-07 microboxes=529280
    edge-i68-m32: [    7/16] radius=2.862e-07 microboxes=529312
    edge-i68-m32: [    8/16] radius=3.287e-07 microboxes=529344
    edge-i68-m32: [    9/16] radius=3.715e-07 microboxes=529376
    edge-i68-m32: [   10/16] radius=4.145e-07 microboxes=529408
    edge-i68-m32: [   11/16] radius=4.582e-07 microboxes=529440
    edge-i68-m32: [   12/16] radius=5.022e-07 microboxes=529472
    edge-i68-m32: [   13/16] radius=5.466e-07 microboxes=529504
    edge-i68-m32: [   14/16] radius=5.915e-07 microboxes=529536
    edge-i68-m32: [   15/16] radius=6.367e-07 microboxes=529568
    edge-i68-m32: [   16/16] radius=6.824e-07 microboxes=529600
    body-i69-m32: [    1/1308] radius=6.441e-07 microboxes=529632
    body-i69-m32: [  130/1308] radius=3.804e-04 microboxes=533760
    body-i69-m32: [  260/1308] radius=1.652e-03 microboxes=537920
    body-i69-m32: [  390/1308] radius=4.581e-03 microboxes=542080
    body-i69-m32: [  520/1308] radius=7.570e-03 microboxes=546240
    body-i69-m32: [  650/1308] radius=9.978e-03 microboxes=550400
    body-i69-m32: [  780/1308] radius=1.345e-02 microboxes=554560
    body-i69-m32: [  910/1308] radius=1.537e-02 microboxes=558720
    body-i69-m32: [ 1040/1308] radius=1.897e-02 microboxes=562880
    body-i69-m32: [ 1170/1308] radius=2.339e-02 microboxes=567040
    body-i69-m32: [ 1300/1308] radius=2.795e-02 microboxes=571200
    body-i69-m32: [ 1308/1308] radius=2.871e-02 microboxes=571456
    edge-i69-m32: [    1/16] radius=3.967e-08 microboxes=571488
    edge-i69-m32: [    2/16] radius=7.972e-08 microboxes=571520
    edge-i69-m32: [    3/16] radius=1.202e-07 microboxes=571552
    edge-i69-m32: [    4/16] radius=1.610e-07 microboxes=571584
    edge-i69-m32: [    5/16] radius=2.022e-07 microboxes=571616
    edge-i69-m32: [    6/16] radius=2.438e-07 microboxes=571648
    edge-i69-m32: [    7/16] radius=2.858e-07 microboxes=571680
    edge-i69-m32: [    8/16] radius=3.282e-07 microboxes=571712
    edge-i69-m32: [    9/16] radius=3.710e-07 microboxes=571744
    edge-i69-m32: [   10/16] radius=4.138e-07 microboxes=571776
    edge-i69-m32: [   11/16] radius=4.574e-07 microboxes=571808
    edge-i69-m32: [   12/16] radius=5.014e-07 microboxes=571840
    edge-i69-m32: [   13/16] radius=5.458e-07 microboxes=571872
    edge-i69-m32: [   14/16] radius=5.906e-07 microboxes=571904
    edge-i69-m32: [   15/16] radius=6.357e-07 microboxes=571936
    edge-i69-m32: [   16/16] radius=6.813e-07 microboxes=571968
    body-i70-m32: [    1/1308] radius=6.440e-07 microboxes=572000
    body-i70-m32: [  130/1308] radius=3.800e-04 microboxes=576128
    body-i70-m32: [  260/1308] radius=1.653e-03 microboxes=580288
    body-i70-m32: [  390/1308] radius=4.587e-03 microboxes=584448
    body-i70-m32: [  520/1308] radius=7.575e-03 microboxes=588608
    body-i70-m32: [  650/1308] radius=9.984e-03 microboxes=592768
    body-i70-m32: [  780/1308] radius=1.345e-02 microboxes=596928
    body-i70-m32: [  910/1308] radius=1.538e-02 microboxes=601088
    body-i70-m32: [ 1040/1308] radius=1.898e-02 microboxes=605248
    body-i70-m32: [ 1170/1308] radius=2.339e-02 microboxes=609408
    body-i70-m32: [ 1300/1308] radius=2.794e-02 microboxes=613568
    body-i70-m32: [ 1308/1308] radius=2.869e-02 microboxes=613824
    edge-i70-m32: [    1/16] radius=3.966e-08 microboxes=613856
    edge-i70-m32: [    2/16] radius=7.971e-08 microboxes=613888
    edge-i70-m32: [    3/16] radius=1.201e-07 microboxes=613920
    edge-i70-m32: [    4/16] radius=1.610e-07 microboxes=613952
    edge-i70-m32: [    5/16] radius=2.022e-07 microboxes=613984
    edge-i70-m32: [    6/16] radius=2.438e-07 microboxes=614016
    edge-i70-m32: [    7/16] radius=2.858e-07 microboxes=614048
    edge-i70-m32: [    8/16] radius=3.282e-07 microboxes=614080
    edge-i70-m32: [    9/16] radius=3.709e-07 microboxes=614112
    edge-i70-m32: [   10/16] radius=4.141e-07 microboxes=614144
    edge-i70-m32: [   11/16] radius=4.572e-07 microboxes=614176
    edge-i70-m32: [   12/16] radius=5.011e-07 microboxes=614208
    edge-i70-m32: [   13/16] radius=5.455e-07 microboxes=614240
    edge-i70-m32: [   14/16] radius=5.903e-07 microboxes=614272
    edge-i70-m32: [   15/16] radius=6.354e-07 microboxes=614304
    edge-i70-m32: [   16/16] radius=6.810e-07 microboxes=614336
    body-i71-m32: [    1/1308] radius=6.450e-07 microboxes=614368
    body-i71-m32: [  130/1308] radius=3.811e-04 microboxes=618496
    body-i71-m32: [  260/1308] radius=1.656e-03 microboxes=622656
    body-i71-m32: [  390/1308] radius=4.596e-03 microboxes=626816
    body-i71-m32: [  520/1308] radius=7.592e-03 microboxes=630976
    body-i71-m32: [  650/1308] radius=1.000e-02 microboxes=635136
    body-i71-m32: [  780/1308] radius=1.347e-02 microboxes=639296
    body-i71-m32: [  910/1308] radius=1.540e-02 microboxes=643456
    body-i71-m32: [ 1040/1308] radius=1.898e-02 microboxes=647616
    body-i71-m32: [ 1170/1308] radius=2.340e-02 microboxes=651776
    body-i71-m32: [ 1300/1308] radius=2.798e-02 microboxes=655936
    body-i71-m32: [ 1308/1308] radius=2.873e-02 microboxes=656192
    edge-i71-m32: [    1/16] radius=3.972e-08 microboxes=656224
    edge-i71-m32: [    2/16] radius=7.983e-08 microboxes=656256
    edge-i71-m32: [    3/16] radius=1.203e-07 microboxes=656288
    edge-i71-m32: [    4/16] radius=1.612e-07 microboxes=656320
    edge-i71-m32: [    5/16] radius=2.025e-07 microboxes=656352
    edge-i71-m32: [    6/16] radius=2.442e-07 microboxes=656384
    edge-i71-m32: [    7/16] radius=2.862e-07 microboxes=656416
    edge-i71-m32: [    8/16] radius=3.287e-07 microboxes=656448
    edge-i71-m32: [    9/16] radius=3.715e-07 microboxes=656480
    edge-i71-m32: [   10/16] radius=4.148e-07 microboxes=656512
    edge-i71-m32: [   11/16] radius=4.584e-07 microboxes=656544
    edge-i71-m32: [   12/16] radius=5.018e-07 microboxes=656576
    edge-i71-m32: [   13/16] radius=5.462e-07 microboxes=656608
    edge-i71-m32: [   14/16] radius=5.911e-07 microboxes=656640
    edge-i71-m32: [   15/16] radius=6.363e-07 microboxes=656672
    edge-i71-m32: [   16/16] radius=6.820e-07 microboxes=656704
  [  5/14] i=71 epsT=7.881e-03 epsG=6.499e-07 edgeRows=2.527e-02 activeR=4.112e-04 sep=1.107e-02 lower=+1.066e-02 pass=True disc=3.23e-10
    body-i72-m32: [    1/1308] radius=6.441e-07 microboxes=656736
    body-i72-m32: [  130/1308] radius=3.808e-04 microboxes=660864
    body-i72-m32: [  260/1308] radius=1.654e-03 microboxes=665024
    body-i72-m32: [  390/1308] radius=4.586e-03 microboxes=669184
    body-i72-m32: [  520/1308] radius=7.580e-03 microboxes=673344
    body-i72-m32: [  650/1308] radius=9.991e-03 microboxes=677504
    body-i72-m32: [  780/1308] radius=1.346e-02 microboxes=681664
    body-i72-m32: [  910/1308] radius=1.539e-02 microboxes=685824
    body-i72-m32: [ 1040/1308] radius=1.899e-02 microboxes=689984
    body-i72-m32: [ 1170/1308] radius=2.342e-02 microboxes=694144
    body-i72-m32: [ 1300/1308] radius=2.799e-02 microboxes=698304
    body-i72-m32: [ 1308/1308] radius=2.875e-02 microboxes=698560
    edge-i72-m32: [    1/16] radius=3.967e-08 microboxes=698592
    edge-i72-m32: [    2/16] radius=7.972e-08 microboxes=698624
    edge-i72-m32: [    3/16] radius=1.202e-07 microboxes=698656
    edge-i72-m32: [    4/16] radius=1.610e-07 microboxes=698688
    edge-i72-m32: [    5/16] radius=2.022e-07 microboxes=698720
    edge-i72-m32: [    6/16] radius=2.438e-07 microboxes=698752
    edge-i72-m32: [    7/16] radius=2.858e-07 microboxes=698784
    edge-i72-m32: [    8/16] radius=3.282e-07 microboxes=698816
    edge-i72-m32: [    9/16] radius=3.710e-07 microboxes=698848
    edge-i72-m32: [   10/16] radius=4.142e-07 microboxes=698880
    edge-i72-m32: [   11/16] radius=4.578e-07 microboxes=698912
    edge-i72-m32: [   12/16] radius=5.018e-07 microboxes=698944
    edge-i72-m32: [   13/16] radius=5.457e-07 microboxes=698976
    edge-i72-m32: [   14/16] radius=5.904e-07 microboxes=699008
    edge-i72-m32: [   15/16] radius=6.356e-07 microboxes=699040
    edge-i72-m32: [   16/16] radius=6.812e-07 microboxes=699072
    body-i73-m32: [    1/1308] radius=6.440e-07 microboxes=699104
    body-i73-m32: [  130/1308] radius=3.799e-04 microboxes=703232
    body-i73-m32: [  260/1308] radius=1.652e-03 microboxes=707392
    body-i73-m32: [  390/1308] radius=4.585e-03 microboxes=711552
    body-i73-m32: [  520/1308] radius=7.572e-03 microboxes=715712
    body-i73-m32: [  650/1308] radius=9.981e-03 microboxes=719872
    body-i73-m32: [  780/1308] radius=1.344e-02 microboxes=724032
    body-i73-m32: [  910/1308] radius=1.538e-02 microboxes=728192
    body-i73-m32: [ 1040/1308] radius=1.897e-02 microboxes=732352
    body-i73-m32: [ 1170/1308] radius=2.338e-02 microboxes=736512
    body-i73-m32: [ 1300/1308] radius=2.793e-02 microboxes=740672
    body-i73-m32: [ 1308/1308] radius=2.868e-02 microboxes=740928
    edge-i73-m32: [    1/16] radius=3.966e-08 microboxes=740960
    edge-i73-m32: [    2/16] radius=7.971e-08 microboxes=740992
    edge-i73-m32: [    3/16] radius=1.201e-07 microboxes=741024
    edge-i73-m32: [    4/16] radius=1.610e-07 microboxes=741056
    edge-i73-m32: [    5/16] radius=2.022e-07 microboxes=741088
    edge-i73-m32: [    6/16] radius=2.438e-07 microboxes=741120
    edge-i73-m32: [    7/16] radius=2.858e-07 microboxes=741152
    edge-i73-m32: [    8/16] radius=3.282e-07 microboxes=741184
    edge-i73-m32: [    9/16] radius=3.709e-07 microboxes=741216
    edge-i73-m32: [   10/16] radius=4.141e-07 microboxes=741248
    edge-i73-m32: [   11/16] radius=4.577e-07 microboxes=741280
    edge-i73-m32: [   12/16] radius=5.017e-07 microboxes=741312
    edge-i73-m32: [   13/16] radius=5.460e-07 microboxes=741344
    edge-i73-m32: [   14/16] radius=5.905e-07 microboxes=741376
    edge-i73-m32: [   15/16] radius=6.357e-07 microboxes=741408
    edge-i73-m32: [   16/16] radius=6.812e-07 microboxes=741440
    body-i74-m32: [    1/1308] radius=6.450e-07 microboxes=741472
    body-i74-m32: [  130/1308] radius=3.806e-04 microboxes=745600
    body-i74-m32: [  260/1308] radius=1.654e-03 microboxes=749760
    body-i74-m32: [  390/1308] radius=4.591e-03 microboxes=753920
    body-i74-m32: [  520/1308] radius=7.582e-03 microboxes=758080
    body-i74-m32: [  650/1308] radius=9.990e-03 microboxes=762240
    body-i74-m32: [  780/1308] radius=1.346e-02 microboxes=766400
    body-i74-m32: [  910/1308] radius=1.538e-02 microboxes=770560
    body-i74-m32: [ 1040/1308] radius=1.896e-02 microboxes=774720
    body-i74-m32: [ 1170/1308] radius=2.338e-02 microboxes=778880
    body-i74-m32: [ 1300/1308] radius=2.794e-02 microboxes=783040
    body-i74-m32: [ 1308/1308] radius=2.870e-02 microboxes=783296
    edge-i74-m32: [    1/16] radius=3.972e-08 microboxes=783328
    edge-i74-m32: [    2/16] radius=7.983e-08 microboxes=783360
    edge-i74-m32: [    3/16] radius=1.203e-07 microboxes=783392
    edge-i74-m32: [    4/16] radius=1.612e-07 microboxes=783424
    edge-i74-m32: [    5/16] radius=2.025e-07 microboxes=783456
    edge-i74-m32: [    6/16] radius=2.442e-07 microboxes=783488
    edge-i74-m32: [    7/16] radius=2.862e-07 microboxes=783520
    edge-i74-m32: [    8/16] radius=3.287e-07 microboxes=783552
    edge-i74-m32: [    9/16] radius=3.715e-07 microboxes=783584
    edge-i74-m32: [   10/16] radius=4.148e-07 microboxes=783616
    edge-i74-m32: [   11/16] radius=4.584e-07 microboxes=783648
    edge-i74-m32: [   12/16] radius=5.025e-07 microboxes=783680
    edge-i74-m32: [   13/16] radius=5.469e-07 microboxes=783712
    edge-i74-m32: [   14/16] radius=5.917e-07 microboxes=783744
    edge-i74-m32: [   15/16] radius=6.368e-07 microboxes=783776
    edge-i74-m32: [   16/16] radius=6.825e-07 microboxes=783808
    body-i75-m32: [    1/1308] radius=6.441e-07 microboxes=783840
    body-i75-m32: [  130/1308] radius=3.813e-04 microboxes=787968
    body-i75-m32: [  260/1308] radius=1.656e-03 microboxes=792128
    body-i75-m32: [  390/1308] radius=4.592e-03 microboxes=796288
    body-i75-m32: [  520/1308] radius=7.590e-03 microboxes=800448
    body-i75-m32: [  650/1308] radius=1.000e-02 microboxes=804608
    body-i75-m32: [  780/1308] radius=1.348e-02 microboxes=808768
    body-i75-m32: [  910/1308] radius=1.540e-02 microboxes=812928
    body-i75-m32: [ 1040/1308] radius=1.902e-02 microboxes=817088
    body-i75-m32: [ 1170/1308] radius=2.345e-02 microboxes=821248
    body-i75-m32: [ 1300/1308] radius=2.803e-02 microboxes=825408
    body-i75-m32: [ 1308/1308] radius=2.879e-02 microboxes=825664
    edge-i75-m32: [    1/16] radius=3.967e-08 microboxes=825696
    edge-i75-m32: [    2/16] radius=7.972e-08 microboxes=825728
    edge-i75-m32: [    3/16] radius=1.202e-07 microboxes=825760
    edge-i75-m32: [    4/16] radius=1.610e-07 microboxes=825792
    edge-i75-m32: [    5/16] radius=2.022e-07 microboxes=825824
    edge-i75-m32: [    6/16] radius=2.438e-07 microboxes=825856
    edge-i75-m32: [    7/16] radius=2.858e-07 microboxes=825888
    edge-i75-m32: [    8/16] radius=3.282e-07 microboxes=825920
    edge-i75-m32: [    9/16] radius=3.710e-07 microboxes=825952
    edge-i75-m32: [   10/16] radius=4.142e-07 microboxes=825984
    edge-i75-m32: [   11/16] radius=4.578e-07 microboxes=826016
    edge-i75-m32: [   12/16] radius=5.018e-07 microboxes=826048
    edge-i75-m32: [   13/16] radius=5.461e-07 microboxes=826080
    edge-i75-m32: [   14/16] radius=5.909e-07 microboxes=826112
    edge-i75-m32: [   15/16] radius=6.361e-07 microboxes=826144
    edge-i75-m32: [   16/16] radius=6.817e-07 microboxes=826176
    body-i76-m32: [    1/1308] radius=6.440e-07 microboxes=826208
    body-i76-m32: [  130/1308] radius=3.804e-04 microboxes=830336
    body-i76-m32: [  260/1308] radius=1.654e-03 microboxes=834496
    body-i76-m32: [  390/1308] radius=4.591e-03 microboxes=838656
    body-i76-m32: [  520/1308] radius=7.582e-03 microboxes=842816
    body-i76-m32: [  650/1308] radius=9.994e-03 microboxes=846976
    body-i76-m32: [  780/1308] radius=1.346e-02 microboxes=851136
    body-i76-m32: [  910/1308] radius=1.540e-02 microboxes=855296
    body-i76-m32: [ 1040/1308] radius=1.899e-02 microboxes=859456
    body-i76-m32: [ 1170/1308] radius=2.341e-02 microboxes=863616
    body-i76-m32: [ 1300/1308] radius=2.796e-02 microboxes=867776
    body-i76-m32: [ 1308/1308] radius=2.872e-02 microboxes=868032
    edge-i76-m32: [    1/16] radius=3.966e-08 microboxes=868064
    edge-i76-m32: [    2/16] radius=7.971e-08 microboxes=868096
    edge-i76-m32: [    3/16] radius=1.201e-07 microboxes=868128
    edge-i76-m32: [    4/16] radius=1.610e-07 microboxes=868160
    edge-i76-m32: [    5/16] radius=2.022e-07 microboxes=868192
    edge-i76-m32: [    6/16] radius=2.438e-07 microboxes=868224
    edge-i76-m32: [    7/16] radius=2.858e-07 microboxes=868256
    edge-i76-m32: [    8/16] radius=3.282e-07 microboxes=868288
    edge-i76-m32: [    9/16] radius=3.709e-07 microboxes=868320
    edge-i76-m32: [   10/16] radius=4.141e-07 microboxes=868352
    edge-i76-m32: [   11/16] radius=4.577e-07 microboxes=868384
    edge-i76-m32: [   12/16] radius=5.017e-07 microboxes=868416
    edge-i76-m32: [   13/16] radius=5.460e-07 microboxes=868448
    edge-i76-m32: [   14/16] radius=5.908e-07 microboxes=868480
    edge-i76-m32: [   15/16] radius=6.360e-07 microboxes=868512
    edge-i76-m32: [   16/16] radius=6.814e-07 microboxes=868544
  [ 10/14] i=76 epsT=7.873e-03 epsG=6.493e-07 edgeRows=2.527e-02 activeR=4.110e-04 sep=1.105e-02 lower=+1.064e-02 pass=True disc=3.23e-10
    body-i77-m32: [    1/1308] radius=6.362e-07 microboxes=868576
    body-i77-m32: [  130/1308] radius=3.801e-04 microboxes=872704
    body-i77-m32: [  260/1308] radius=1.652e-03 microboxes=876864
    body-i77-m32: [  390/1308] radius=4.585e-03 microboxes=881024
    body-i77-m32: [  520/1308] radius=7.573e-03 microboxes=885184
    body-i77-m32: [  650/1308] radius=9.978e-03 microboxes=889344
    body-i77-m32: [  780/1308] radius=1.344e-02 microboxes=893504
    body-i77-m32: [  910/1308] radius=1.536e-02 microboxes=897664
    body-i77-m32: [ 1040/1308] radius=1.893e-02 microboxes=901824
    body-i77-m32: [ 1170/1308] radius=2.335e-02 microboxes=905984
    body-i77-m32: [ 1300/1308] radius=2.791e-02 microboxes=910144
    body-i77-m32: [ 1308/1308] radius=2.866e-02 microboxes=910400
    edge-i77-m32: [    1/16] radius=3.943e-08 microboxes=910432
    edge-i77-m32: [    2/16] radius=7.954e-08 microboxes=910464
    edge-i77-m32: [    3/16] radius=1.200e-07 microboxes=910496
    edge-i77-m32: [    4/16] radius=1.609e-07 microboxes=910528
    edge-i77-m32: [    5/16] radius=2.022e-07 microboxes=910560
    edge-i77-m32: [    6/16] radius=2.439e-07 microboxes=910592
    edge-i77-m32: [    7/16] radius=2.859e-07 microboxes=910624
    edge-i77-m32: [    8/16] radius=3.284e-07 microboxes=910656
    edge-i77-m32: [    9/16] radius=3.712e-07 microboxes=910688
    edge-i77-m32: [   10/16] radius=4.145e-07 microboxes=910720
    edge-i77-m32: [   11/16] radius=4.581e-07 microboxes=910752
    edge-i77-m32: [   12/16] radius=5.021e-07 microboxes=910784
    edge-i77-m32: [   13/16] radius=5.466e-07 microboxes=910816
    edge-i77-m32: [   14/16] radius=5.914e-07 microboxes=910848
    edge-i77-m32: [   15/16] radius=6.367e-07 microboxes=910880
    edge-i77-m32: [   16/16] radius=6.823e-07 microboxes=910912
    body-i78-m32: [    1/1308] radius=6.409e-07 microboxes=910944
    body-i78-m32: [  130/1308] radius=3.807e-04 microboxes=915072
    body-i78-m32: [  260/1308] radius=1.654e-03 microboxes=919232
    body-i78-m32: [  390/1308] radius=4.586e-03 microboxes=923392
    body-i78-m32: [  520/1308] radius=7.580e-03 microboxes=927552
    body-i78-m32: [  650/1308] radius=9.991e-03 microboxes=931712
    body-i78-m32: [  780/1308] radius=1.346e-02 microboxes=935872
    body-i78-m32: [  910/1308] radius=1.539e-02 microboxes=940032
    body-i78-m32: [ 1040/1308] radius=1.899e-02 microboxes=944192
    body-i78-m32: [ 1170/1308] radius=2.342e-02 microboxes=948352
    body-i78-m32: [ 1300/1308] radius=2.799e-02 microboxes=952512
    body-i78-m32: [ 1308/1308] radius=2.875e-02 microboxes=952768
    edge-i78-m32: [    1/16] radius=3.967e-08 microboxes=952800
    edge-i78-m32: [    2/16] radius=7.927e-08 microboxes=952832
    edge-i78-m32: [    3/16] radius=1.197e-07 microboxes=952864
    edge-i78-m32: [    4/16] radius=1.605e-07 microboxes=952896
    edge-i78-m32: [    5/16] radius=2.018e-07 microboxes=952928
    edge-i78-m32: [    6/16] radius=2.434e-07 microboxes=952960
    edge-i78-m32: [    7/16] radius=2.854e-07 microboxes=952992
    edge-i78-m32: [    8/16] radius=3.278e-07 microboxes=953024
    edge-i78-m32: [    9/16] radius=3.705e-07 microboxes=953056
    edge-i78-m32: [   10/16] radius=4.137e-07 microboxes=953088
    edge-i78-m32: [   11/16] radius=4.573e-07 microboxes=953120
    edge-i78-m32: [   12/16] radius=5.013e-07 microboxes=953152
    edge-i78-m32: [   13/16] radius=5.457e-07 microboxes=953184
    edge-i78-m32: [   14/16] radius=5.905e-07 microboxes=953216
    edge-i78-m32: [   15/16] radius=6.356e-07 microboxes=953248
    edge-i78-m32: [   16/16] radius=6.812e-07 microboxes=953280
    body-i79-m32: [    1/1308] radius=6.416e-07 microboxes=953312
    body-i79-m32: [  130/1308] radius=3.809e-04 microboxes=957440
    body-i79-m32: [  260/1308] radius=1.657e-03 microboxes=961600
    body-i79-m32: [  390/1308] radius=4.597e-03 microboxes=965760
    body-i79-m32: [  520/1308] radius=7.591e-03 microboxes=969920
    body-i79-m32: [  650/1308] radius=1.001e-02 microboxes=974080
    body-i79-m32: [  780/1308] radius=1.348e-02 microboxes=978240
    body-i79-m32: [  910/1308] radius=1.542e-02 microboxes=982400
    body-i79-m32: [ 1040/1308] radius=1.902e-02 microboxes=986560
    body-i79-m32: [ 1170/1308] radius=2.344e-02 microboxes=990720
    body-i79-m32: [ 1300/1308] radius=2.800e-02 microboxes=994880
    body-i79-m32: [ 1308/1308] radius=2.875e-02 microboxes=995136
    edge-i79-m32: [    1/16] radius=3.966e-08 microboxes=995168
    edge-i79-m32: [    2/16] radius=7.971e-08 microboxes=995200
    edge-i79-m32: [    3/16] radius=1.195e-07 microboxes=995232
    edge-i79-m32: [    4/16] radius=1.604e-07 microboxes=995264
    edge-i79-m32: [    5/16] radius=2.016e-07 microboxes=995296
    edge-i79-m32: [    6/16] radius=2.432e-07 microboxes=995328
    edge-i79-m32: [    7/16] radius=2.852e-07 microboxes=995360
    edge-i79-m32: [    8/16] radius=3.276e-07 microboxes=995392
    edge-i79-m32: [    9/16] radius=3.703e-07 microboxes=995424
    edge-i79-m32: [   10/16] radius=4.135e-07 microboxes=995456
    edge-i79-m32: [   11/16] radius=4.571e-07 microboxes=995488
    edge-i79-m32: [   12/16] radius=5.011e-07 microboxes=995520
    edge-i79-m32: [   13/16] radius=5.454e-07 microboxes=995552
    edge-i79-m32: [   14/16] radius=5.902e-07 microboxes=995584
    edge-i79-m32: [   15/16] radius=6.354e-07 microboxes=995616
    edge-i79-m32: [   16/16] radius=6.809e-07 microboxes=995648
    body-i80-m32: [    1/1308] radius=6.369e-07 microboxes=995680
    body-i80-m32: [  130/1308] radius=3.802e-04 microboxes=999808
    body-i80-m32: [  260/1308] radius=1.653e-03 microboxes=1003968
    body-i80-m32: [  390/1308] radius=4.586e-03 microboxes=1008128
    body-i80-m32: [  520/1308] radius=7.575e-03 microboxes=1012288
    body-i80-m32: [  650/1308] radius=9.980e-03 microboxes=1016448
    body-i80-m32: [  780/1308] radius=1.344e-02 microboxes=1020608
    body-i80-m32: [  910/1308] radius=1.536e-02 microboxes=1024768
    body-i80-m32: [ 1040/1308] radius=1.894e-02 microboxes=1028928
    body-i80-m32: [ 1170/1308] radius=2.335e-02 microboxes=1033088
    body-i80-m32: [ 1300/1308] radius=2.791e-02 microboxes=1037248
    body-i80-m32: [ 1308/1308] radius=2.867e-02 microboxes=1037504
    edge-i80-m32: [    1/16] radius=3.973e-08 microboxes=1037536
    edge-i80-m32: [    2/16] radius=7.984e-08 microboxes=1037568
    edge-i80-m32: [    3/16] radius=1.203e-07 microboxes=1037600
    edge-i80-m32: [    4/16] radius=1.607e-07 microboxes=1037632
    edge-i80-m32: [    5/16] radius=2.020e-07 microboxes=1037664
    edge-i80-m32: [    6/16] radius=2.437e-07 microboxes=1037696
    edge-i80-m32: [    7/16] radius=2.857e-07 microboxes=1037728
    edge-i80-m32: [    8/16] radius=3.282e-07 microboxes=1037760
    edge-i80-m32: [    9/16] radius=3.710e-07 microboxes=1037792
    edge-i80-m32: [   10/16] radius=4.143e-07 microboxes=1037824
    edge-i80-m32: [   11/16] radius=4.579e-07 microboxes=1037856
    edge-i80-m32: [   12/16] radius=5.020e-07 microboxes=1037888
    edge-i80-m32: [   13/16] radius=5.464e-07 microboxes=1037920
    edge-i80-m32: [   14/16] radius=5.912e-07 microboxes=1037952
    edge-i80-m32: [   15/16] radius=6.365e-07 microboxes=1037984
    edge-i80-m32: [   16/16] radius=6.821e-07 microboxes=1038016
  [ 14/14] i=80 epsT=7.864e-03 epsG=6.500e-07 edgeRows=2.527e-02 activeR=4.103e-04 sep=1.108e-02 lower=+1.067e-02 pass=True disc=3.23e-10
  summary m=32: passed=14/14 minLower=+1.064189e-02 at i=79 maxR=4.118795e-04 maxDisc=3.259e-10
==============================================================================
Script version: 2026-08-07-q550-endpoint-nesting-dense-span-audit-v5

Q=550 ENDPOINT-NESTING DENSE-START SPAN AUDIT
=================================================

dense starts                         = 67 .. 80 (14)
P_oriented                           = 4.541666666667e-01
2 P_line                             = 4.555555555556e-01
edge cap DeltaP                      = 1.388888888889e-03
body steps                           = 1308
cap steps                            = 16
subdivision sweep                    = [8, 16, 32]

Architecture
------------
For each dense start independently:
  T_2P = G_edge T_O, hence D=(I-G_edge)T_O.
  The long-body uncertainty is charged once and attenuated by I-G_edge.
  No uncertainty is chained from one start to the next.

Summaries
---------
m=   8 passed= 14/14 minLower=+9.393872e-03 at i=79 maxR=1.674176e-03 maxDisc=3.259e-10 all=True
m=  16 passed= 14/14 minLower=+1.022651e-02 at i=67 maxR=8.281617e-04 maxDisc=3.259e-10 all=True
m=  32 passed= 14/14 minLower=+1.064189e-02 at i=79 maxR=4.118795e-04 maxDisc=3.259e-10 all=True

classification = ENDPOINT-NESTING DENSE-START SPAN PASSED AT LARGEST SUBDIVISION

Scope: dense start nodes only in the frozen-spline linear cocycle;
continuous inter-node coverage and exact nonlinear-orbit validation remain open.
report      = /root/elab1/hysteresis/support_q550_endpoint_nesting_forward_67_80_report.txt
JSON        = /root/elab1/hysteresis/support_q550_endpoint_nesting_forward_67_80.json
rows CSV    = /root/elab1/hysteresis/support_q550_endpoint_nesting_forward_67_80_rows.csv
summary CSV = /root/elab1/hysteresis/support_q550_endpoint_nesting_forward_67_80_summary.csv
