Script version       = 2026-08-06-q550-relative-defect-microbox-pilot-v1.3
selected center      = 67/80
selected start       = 667.550412760444146
steps per P_line     = 656
common step          = 3.472222222222222e-04
step counts          = {'line': 656, 'second': 652, 'oriented': 1308, 'two_line': 1312}
residual subdivisions= 192
mp.dps               = 80

Q=550: orbit=400 periods, tail=70 periods
  Q=550: [   1/400]
  Q=550: [ 100/400]
  Q=550: [ 200/400]
  Q=550: [ 300/400]
  Q=550: [ 400/400]
  validating line
    line: [    1/656] radius=1.073e-07 microboxes=209
    line: [   65/656] radius=1.761e-05 microboxes=12497
    line: [  130/656] radius=6.346e-05 microboxes=24977
    line: [  195/656] radius=1.477e-04 microboxes=37457
    line: [  260/656] radius=2.759e-04 microboxes=49937
    line: [  325/656] radius=4.877e-04 microboxes=62417
    line: [  390/656] radius=7.655e-04 microboxes=74897
    line: [  455/656] radius=1.037e-03 microboxes=87377
    line: [  520/656] radius=1.264e-03 microboxes=99857
    line: [  585/656] radius=1.436e-03 microboxes=112337
    line: [  650/656] radius=1.665e-03 microboxes=124817
    line: [  656/656] radius=1.684e-03 microboxes=125969
  line done: radius=1.684493e-03, archived discrepancy=1.440e-10
  validating second
    second: [    1/652] radius=1.075e-07 microboxes=126161
    second: [   65/652] radius=1.763e-05 microboxes=138449
    second: [  130/652] radius=6.353e-05 microboxes=150929
    second: [  195/652] radius=1.478e-04 microboxes=163409
    second: [  260/652] radius=2.760e-04 microboxes=175889
    second: [  325/652] radius=4.877e-04 microboxes=188369
    second: [  390/652] radius=7.652e-04 microboxes=200849
    second: [  455/652] radius=1.037e-03 microboxes=213329
    second: [  520/652] radius=1.263e-03 microboxes=225809
    second: [  585/652] radius=1.435e-03 microboxes=238289
    second: [  650/652] radius=1.663e-03 microboxes=250769
    second: [  652/652] radius=1.670e-03 microboxes=251153
  second done: radius=1.669822e-03, archived discrepancy=1.417e-10
  validating oriented
    oriented: [    1/1308] radius=1.073e-07 microboxes=251153
    oriented: [  130/1308] radius=6.346e-05 microboxes=251153
    oriented: [  260/1308] radius=2.759e-04 microboxes=251153
    oriented: [  390/1308] radius=7.655e-04 microboxes=251153
    oriented: [  520/1308] radius=1.264e-03 microboxes=251153
    oriented: [  650/1308] radius=1.665e-03 microboxes=251153
    oriented: [  780/1308] radius=2.242e-03 microboxes=255185
    oriented: [  910/1308] radius=2.563e-03 microboxes=258641
    oriented: [ 1040/1308] radius=3.160e-03 microboxes=262673
    oriented: [ 1170/1308] radius=3.894e-03 microboxes=266705
    oriented: [ 1300/1308] radius=4.648e-03 microboxes=270737
    oriented: [ 1308/1308] radius=4.774e-03 microboxes=270737
  oriented done: radius=4.773810e-03, archived discrepancy=2.322e-10
  validating two_line
    two_line: [    1/1312] radius=1.073e-07 microboxes=270737
    two_line: [  131/1312] radius=6.442e-05 microboxes=270737
    two_line: [  262/1312] radius=2.807e-04 microboxes=270737
    two_line: [  393/1312] radius=7.787e-04 microboxes=270737
    two_line: [  524/1312] radius=1.275e-03 microboxes=270737
    two_line: [  655/1312] radius=1.681e-03 microboxes=270737
    two_line: [  786/1312] radius=2.267e-03 microboxes=270737
    two_line: [  917/1312] radius=2.578e-03 microboxes=270737
    two_line: [ 1048/1312] radius=3.238e-03 microboxes=270737
    two_line: [ 1179/1312] radius=3.867e-03 microboxes=270737
    two_line: [ 1310/1312] radius=4.804e-03 microboxes=271121
    two_line: [ 1312/1312] radius=4.834e-03 microboxes=271505
  two_line done: radius=4.834315e-03, archived discrepancy=2.336e-10
==============================================================================
Script version: 2026-08-06-q550-relative-defect-microbox-pilot-v1.3

Q=550 RELATIVE-DEFECT MICRO-BOX PILOT
======================================

scope                              = one-start validated frozen cubic-spline linear cocycle; nonlinear orbit cache not yet validated
dense raw                          = support_q550_dense_start_span_closure_raw.npz
orbit cache                        = support_feedback_q_curtain_cache/q_550_orbit.npz
selected center index              = 67
selected start                     = 667.550412760444146
P_line                            = 0.227777777777778
P_oriented                        = 0.454166666666667
common step                        = 3.472222222222222e-04
steps per P_line                  = 656
residual subdivisions             = 192

Validated transport radii
---------------------------
line
  steps                            = 656
  radius                           = 1.684493099497e-03
  archived relative discrepancy   = 1.439836153039e-10
  max micro generator width       = 2.728013607061e-04
  max Banach inverse residual             = 1.926556937309e-04
  max relative defect rate        = 2.811882202764e-03
  accumulated relative defect     = 4.347615734881e-04
  max local relative error        = 9.763160828521e-07
  max local absolute radius       = 4.136216731868e-06
second
  steps                            = 652
  radius                           = 1.669822498616e-03
  archived relative discrepancy   = 1.416593539107e-10
  max micro generator width       = 2.727627969417e-04
  max Banach inverse residual             = 1.927470592439e-04
  max relative defect rate        = 2.807260402195e-03
  accumulated relative defect     = 4.304892392314e-04
  max local relative error        = 9.747087303495e-07
  max local absolute radius       = 4.130041399098e-06
oriented
  steps                            = 1308
  radius                           = 4.773809884553e-03
  archived relative discrepancy   = 2.322207228261e-10
  max micro generator width       = 2.728013607061e-04
  max Banach inverse residual             = 3.107685644420e-04
  max relative defect rate        = 5.458570130722e-03
  accumulated relative defect     = 1.307866772845e-03
  max local relative error        = 1.892459231518e-06
  max local absolute radius       = 6.903099206442e-06
two_line
  steps                            = 1312
  radius                           = 4.834314927546e-03
  archived relative discrepancy   = 2.335920909685e-10
  max micro generator width       = 2.728013607061e-04
  max Banach inverse residual             = 3.169564995076e-04
  max relative defect rate        = 5.538053271611e-03
  accumulated relative defect     = 1.315497253375e-03
  max local relative error        = 1.919429620856e-06
  max local absolute radius       = 7.049064716494e-06

Structural lower bounds at the selected center
------------------------------------------------
active determinant center          = -2.863632670420e-01
active sigma lower                 = +3.166713146037e-01
without-z determinant center       = +5.364496203956e-02
without-z sigma lower              = +5.646818701861e-02
mediation margin lower             = +5.132919321370e-02
endpoint separation lower          = +2.939272469663e-03
composition enclosure upper        = 1.257917342733e-02

Decisions
---------
active orientation passed          = True
without-z orientation passed       = True
mediation passed                   = True
endpoint separation passed         = True
all structural passed              = True
pilot target passed                = True
classification                     = RELATIVE-DEFECT MICRO-BOX PILOT PASSED: at the selected start, the moving-frame validation preserves all four structural statements with both long-endpoint radii below the requested target.

Interpretation
--------------
This pilot validates one frozen-spline start.  A pass shows that exact
microinterval boxes plus a moving-frame relative defect can produce
radii small enough for the structural margins.  It does not yet cover
all 81 starts or validate the archived nonlinear orbit.
report = /root/elab1/hysteresis/support_q550_relative_defect_microbox_pilot_m192_report.txt
JSON   = /root/elab1/hysteresis/support_q550_relative_defect_microbox_pilot_m192.json
raw    = /root/elab1/hysteresis/support_q550_relative_defect_microbox_pilot_m192_raw.npz
