Script version               = 2026-08-01-feedback-curtain-vs-q-v1.1-endpoint-fix
Q values                     = [521.25 521.5  521.75 522.   522.25 522.5  522.75]
eta_kappa values             = [0. 1.]
phase values                 = [0.   0.96 0.97 0.98 0.99 1.  ]
reference period             = 12.566370614359
growth reference source      = fallback values from prior threshold closure
growth slope                 = 2.514457591518e-04
growth Qc                    = 522.039048925052
cache directory              = /nfs-mount/elab1/hysteresis/support_feedback_curtain_focus/support_feedback_q_curtain_focus_cache
resume                       = True

Warming one common state at Q=250 for 30 reference periods...

==============================================================================
Q=521.25: periods=900, discard=112, kappa0=1.758593125500e-01
  ramp Q=521.25: [   1/240] Q_now=251.130208  x=0.499978442
  ramp Q=521.25: [  60/240] Q_now=317.812500  x=0.499997453
  ramp Q=521.25: [ 120/240] Q_now=385.625000  x=0.499998034
  ramp Q=521.25: [ 180/240] Q_now=453.437500  x=0.499998923
  ramp Q=521.25: [ 240/240] Q_now=521.250000  x=0.499999466
  record Q=521.25: [  20/900] x=0.500000310  rho=(1.724938, 0.120956)
  record Q=521.25: [  40/900] x=0.500000257  rho=(1.724936, 0.120955)
  record Q=521.25: [  60/900] x=0.499999445  rho=(1.724938, 0.120955)
  record Q=521.25: [  80/900] x=0.500000280  rho=(1.724938, 0.120956)
  record Q=521.25: [ 100/900] x=0.500000281  rho=(1.724936, 0.120955)
  record Q=521.25: [ 120/900] x=0.499999452  rho=(1.724938, 0.120955)
  record Q=521.25: [ 140/900] x=0.500000250  rho=(1.724938, 0.120956)
  record Q=521.25: [ 160/900] x=0.500000303  rho=(1.724936, 0.120955)
  record Q=521.25: [ 180/900] x=0.499999460  rho=(1.724938, 0.120955)
  record Q=521.25: [ 200/900] x=0.500000219  rho=(1.724938, 0.120956)
  record Q=521.25: [ 220/900] x=0.500000324  rho=(1.724936, 0.120955)
  record Q=521.25: [ 240/900] x=0.499999470  rho=(1.724937, 0.120955)
  record Q=521.25: [ 260/900] x=0.500000189  rho=(1.724938, 0.120956)
  record Q=521.25: [ 280/900] x=0.500000344  rho=(1.724936, 0.120955)
  record Q=521.25: [ 300/900] x=0.499999481  rho=(1.724937, 0.120955)
  record Q=521.25: [ 320/900] x=0.500000159  rho=(1.724938, 0.120956)
  record Q=521.25: [ 340/900] x=0.500000362  rho=(1.724936, 0.120955)
  record Q=521.25: [ 360/900] x=0.499999494  rho=(1.724937, 0.120955)
  record Q=521.25: [ 380/900] x=0.500000129  rho=(1.724938, 0.120956)
  record Q=521.25: [ 400/900] x=0.500000378  rho=(1.724936, 0.120955)
  record Q=521.25: [ 420/900] x=0.499999508  rho=(1.724937, 0.120955)
  record Q=521.25: [ 440/900] x=0.500000099  rho=(1.724938, 0.120956)
  record Q=521.25: [ 460/900] x=0.500000393  rho=(1.724936, 0.120955)
  record Q=521.25: [ 480/900] x=0.499999523  rho=(1.724937, 0.120955)
  record Q=521.25: [ 500/900] x=0.500000070  rho=(1.724938, 0.120956)
  record Q=521.25: [ 520/900] x=0.500000406  rho=(1.724936, 0.120955)
  record Q=521.25: [ 540/900] x=0.499999540  rho=(1.724937, 0.120955)
  record Q=521.25: [ 560/900] x=0.500000041  rho=(1.724938, 0.120956)
  record Q=521.25: [ 580/900] x=0.500000417  rho=(1.724936, 0.120955)
  record Q=521.25: [ 600/900] x=0.499999558  rho=(1.724937, 0.120955)
  record Q=521.25: [ 620/900] x=0.500000012  rho=(1.724938, 0.120956)
  record Q=521.25: [ 640/900] x=0.500000427  rho=(1.724936, 0.120955)
  record Q=521.25: [ 660/900] x=0.499999576  rho=(1.724937, 0.120955)
  record Q=521.25: [ 680/900] x=0.499999984  rho=(1.724938, 0.120956)
  record Q=521.25: [ 700/900] x=0.500000435  rho=(1.724936, 0.120955)
  record Q=521.25: [ 720/900] x=0.499999596  rho=(1.724937, 0.120955)
  record Q=521.25: [ 740/900] x=0.499999957  rho=(1.724938, 0.120956)
  record Q=521.25: [ 760/900] x=0.500000442  rho=(1.724936, 0.120955)
  record Q=521.25: [ 780/900] x=0.499999616  rho=(1.724937, 0.120955)
  record Q=521.25: [ 800/900] x=0.499999931  rho=(1.724938, 0.120956)
  record Q=521.25: [ 820/900] x=0.500000447  rho=(1.724936, 0.120955)
  record Q=521.25: [ 840/900] x=0.499999638  rho=(1.724937, 0.120955)
  record Q=521.25: [ 860/900] x=0.499999905  rho=(1.724938, 0.120956)
  record Q=521.25: [ 880/900] x=0.500000450  rho=(1.724936, 0.120955)
  record Q=521.25: [ 900/900] x=0.499999660  rho=(1.724937, 0.120955)
  saved orbit cache: support_feedback_q_curtain_focus_cache/q_521p25_orbit.npz
  interpolating orbit onto the tangent RK4 lattice...
  coarse curtain section: integrating 12 gain pairs
    [   1/900] lambda range [-1.842040e+00, -9.891936e-01]
    [ 200/900] lambda range [-1.884741e+00, -8.886449e-03]
    [ 400/900] lambda range [-1.884800e+00, -4.871661e-03]
    [ 600/900] lambda range [-1.884772e+00, -2.966947e-03]
    [ 800/900] lambda range [-1.884800e+00, -2.484237e-03]
    [ 900/900] lambda range [-1.884844e+00, -2.039401e-03]

  Q=521.25 OPEN measured  = -1.884792328467e+00
  Q=521.25 OPEN expected  = -1.884955592154e+00
  Q=521.25 OPEN mismatch  = 1.633e-04
  Q=521.25 OPEN valid     = True
  Q=521.25 FULL lambda    = -1.519241153879e-04
  Q=521.25 growth ref     = -1.984030059676e-04
  saved Q-result cache: support_feedback_q_curtain_focus_cache/q_521p25_result.npz

==============================================================================
Q=521.5: periods=900, discard=112, kappa0=1.757750079898e-01
  ramp Q=521.5: [   1/240] Q_now=251.131250  x=0.499978444
  ramp Q=521.5: [  60/240] Q_now=317.875000  x=0.499997451
  ramp Q=521.5: [ 120/240] Q_now=385.750000  x=0.499998033
  ramp Q=521.5: [ 180/240] Q_now=453.625000  x=0.499998925
  ramp Q=521.5: [ 240/240] Q_now=521.500000  x=0.499999466
  record Q=521.5: [  20/900] x=0.500000328  rho=(1.724933, 0.120930)
  record Q=521.5: [  40/900] x=0.500000219  rho=(1.724931, 0.120930)
  record Q=521.5: [  60/900] x=0.499999448  rho=(1.724933, 0.120930)
  record Q=521.5: [  80/900] x=0.500000350  rho=(1.724933, 0.120930)
  record Q=521.5: [ 100/900] x=0.500000188  rho=(1.724931, 0.120930)
  record Q=521.5: [ 120/900] x=0.499999458  rho=(1.724933, 0.120930)
  record Q=521.5: [ 140/900] x=0.500000371  rho=(1.724933, 0.120930)
  record Q=521.5: [ 160/900] x=0.500000158  rho=(1.724931, 0.120930)
  record Q=521.5: [ 180/900] x=0.499999469  rho=(1.724933, 0.120930)
  record Q=521.5: [ 200/900] x=0.500000390  rho=(1.724933, 0.120930)
  record Q=521.5: [ 220/900] x=0.500000127  rho=(1.724931, 0.120930)
  record Q=521.5: [ 240/900] x=0.499999482  rho=(1.724933, 0.120930)
  record Q=521.5: [ 260/900] x=0.500000408  rho=(1.724933, 0.120930)
  record Q=521.5: [ 280/900] x=0.500000096  rho=(1.724931, 0.120929)
  record Q=521.5: [ 300/900] x=0.499999496  rho=(1.724933, 0.120930)
  record Q=521.5: [ 320/900] x=0.500000424  rho=(1.724932, 0.120930)
  record Q=521.5: [ 340/900] x=0.500000065  rho=(1.724931, 0.120929)
  record Q=521.5: [ 360/900] x=0.499999512  rho=(1.724933, 0.120930)
  record Q=521.5: [ 380/900] x=0.500000438  rho=(1.724932, 0.120930)
  record Q=521.5: [ 400/900] x=0.500000035  rho=(1.724931, 0.120929)
  record Q=521.5: [ 420/900] x=0.499999528  rho=(1.724933, 0.120930)
  record Q=521.5: [ 440/900] x=0.500000451  rho=(1.724932, 0.120930)
  record Q=521.5: [ 460/900] x=0.500000005  rho=(1.724931, 0.120929)
  record Q=521.5: [ 480/900] x=0.499999547  rho=(1.724933, 0.120930)
  record Q=521.5: [ 500/900] x=0.500000462  rho=(1.724932, 0.120930)
  record Q=521.5: [ 520/900] x=0.499999975  rho=(1.724931, 0.120929)
  record Q=521.5: [ 540/900] x=0.499999566  rho=(1.724933, 0.120930)
  record Q=521.5: [ 560/900] x=0.500000471  rho=(1.724932, 0.120930)
  record Q=521.5: [ 580/900] x=0.499999946  rho=(1.724931, 0.120929)
  record Q=521.5: [ 600/900] x=0.499999586  rho=(1.724933, 0.120930)
  record Q=521.5: [ 620/900] x=0.500000479  rho=(1.724932, 0.120930)
  record Q=521.5: [ 640/900] x=0.499999918  rho=(1.724931, 0.120929)
  record Q=521.5: [ 660/900] x=0.499999608  rho=(1.724933, 0.120930)
  record Q=521.5: [ 680/900] x=0.500000485  rho=(1.724932, 0.120930)
  record Q=521.5: [ 700/900] x=0.499999890  rho=(1.724931, 0.120929)
  record Q=521.5: [ 720/900] x=0.499999630  rho=(1.724933, 0.120930)
  record Q=521.5: [ 740/900] x=0.500000490  rho=(1.724932, 0.120930)
  record Q=521.5: [ 760/900] x=0.499999864  rho=(1.724931, 0.120929)
  record Q=521.5: [ 780/900] x=0.499999653  rho=(1.724933, 0.120930)
  record Q=521.5: [ 800/900] x=0.500000493  rho=(1.724932, 0.120930)
  record Q=521.5: [ 820/900] x=0.499999838  rho=(1.724931, 0.120929)
  record Q=521.5: [ 840/900] x=0.499999677  rho=(1.724933, 0.120930)
  record Q=521.5: [ 860/900] x=0.500000494  rho=(1.724932, 0.120930)
  record Q=521.5: [ 880/900] x=0.499999813  rho=(1.724932, 0.120929)
  record Q=521.5: [ 900/900] x=0.499999702  rho=(1.724933, 0.120930)
  saved orbit cache: support_feedback_q_curtain_focus_cache/q_521p5_orbit.npz
  interpolating orbit onto the tangent RK4 lattice...
  coarse curtain section: integrating 12 gain pairs
    [   1/900] lambda range [-1.842040e+00, -9.899062e-01]
    [ 200/900] lambda range [-1.884741e+00, -8.543974e-03]
    [ 400/900] lambda range [-1.884800e+00, -4.719268e-03]
    [ 600/900] lambda range [-1.884772e+00, -3.222555e-03]
    [ 800/900] lambda range [-1.884800e+00, -2.237597e-03]
    [ 900/900] lambda range [-1.884844e+00, -2.222547e-03]

  Q=521.5 OPEN measured  = -1.884792328467e+00
  Q=521.5 OPEN expected  = -1.884955592154e+00
  Q=521.5 OPEN mismatch  = 1.633e-04
  Q=521.5 OPEN valid     = True
  Q=521.5 FULL lambda    = -3.931755974023e-04
  Q=521.5 growth ref     = -1.355415661797e-04
  saved Q-result cache: support_feedback_q_curtain_focus_cache/q_521p5_result.npz

==============================================================================
Q=521.75: periods=900, discard=112, kappa0=1.756907842198e-01
  ramp Q=521.75: [   1/240] Q_now=251.132292  x=0.499978445
  ramp Q=521.75: [  60/240] Q_now=317.937500  x=0.499997450
  ramp Q=521.75: [ 120/240] Q_now=385.875000  x=0.499998032
  ramp Q=521.75: [ 180/240] Q_now=453.812500  x=0.499998926
  ramp Q=521.75: [ 240/240] Q_now=521.750000  x=0.499999467
  record Q=521.75: [  20/900] x=0.500000345  rho=(1.724928, 0.120904)
  record Q=521.75: [  40/900] x=0.500000180  rho=(1.724926, 0.120904)
  record Q=521.75: [  60/900] x=0.499999458  rho=(1.724928, 0.120904)
  record Q=521.75: [  80/900] x=0.500000413  rho=(1.724928, 0.120904)
  record Q=521.75: [ 100/900] x=0.500000088  rho=(1.724926, 0.120904)
  record Q=521.75: [ 120/900] x=0.499999492  rho=(1.724929, 0.120904)
  record Q=521.75: [ 140/900] x=0.500000468  rho=(1.724928, 0.120904)
  record Q=521.75: [ 160/900] x=0.499999995  rho=(1.724926, 0.120904)
  record Q=521.75: [ 180/900] x=0.499999539  rho=(1.724929, 0.120904)
  record Q=521.75: [ 200/900] x=0.500000510  rho=(1.724927, 0.120904)
  record Q=521.75: [ 220/900] x=0.499999902  rho=(1.724927, 0.120904)
  record Q=521.75: [ 240/900] x=0.499999599  rho=(1.724929, 0.120904)
  record Q=521.75: [ 260/900] x=0.500000536  rho=(1.724927, 0.120904)
  record Q=521.75: [ 280/900] x=0.499999813  rho=(1.724927, 0.120904)
  record Q=521.75: [ 300/900] x=0.499999670  rho=(1.724929, 0.120904)
  record Q=521.75: [ 320/900] x=0.500000548  rho=(1.724927, 0.120904)
  record Q=521.75: [ 340/900] x=0.499999729  rho=(1.724927, 0.120904)
  record Q=521.75: [ 360/900] x=0.499999750  rho=(1.724929, 0.120904)
  record Q=521.75: [ 380/900] x=0.500000543  rho=(1.724927, 0.120904)
  record Q=521.75: [ 400/900] x=0.499999655  rho=(1.724927, 0.120904)
  record Q=521.75: [ 420/900] x=0.499999836  rho=(1.724929, 0.120904)
  record Q=521.75: [ 440/900] x=0.500000524  rho=(1.724927, 0.120904)
  record Q=521.75: [ 460/900] x=0.499999590  rho=(1.724927, 0.120904)
  record Q=521.75: [ 480/900] x=0.499999926  rho=(1.724929, 0.120904)
  record Q=521.75: [ 500/900] x=0.500000489  rho=(1.724926, 0.120904)
  record Q=521.75: [ 520/900] x=0.499999538  rho=(1.724927, 0.120904)
  record Q=521.75: [ 540/900] x=0.500000017  rho=(1.724929, 0.120904)
  record Q=521.75: [ 560/900] x=0.500000441  rho=(1.724926, 0.120904)
  record Q=521.75: [ 580/900] x=0.499999500  rho=(1.724928, 0.120904)
  record Q=521.75: [ 600/900] x=0.500000107  rho=(1.724928, 0.120904)
  record Q=521.75: [ 620/900] x=0.500000381  rho=(1.724926, 0.120904)
  record Q=521.75: [ 640/900] x=0.499999476  rho=(1.724928, 0.120904)
  record Q=521.75: [ 660/900] x=0.500000194  rho=(1.724928, 0.120904)
  record Q=521.75: [ 680/900] x=0.500000311  rho=(1.724926, 0.120904)
  record Q=521.75: [ 700/900] x=0.499999467  rho=(1.724928, 0.120904)
  record Q=521.75: [ 720/900] x=0.500000274  rho=(1.724928, 0.120904)
  record Q=521.75: [ 740/900] x=0.500000233  rho=(1.724926, 0.120904)
  record Q=521.75: [ 760/900] x=0.499999473  rho=(1.724928, 0.120904)
  record Q=521.75: [ 780/900] x=0.500000345  rho=(1.724928, 0.120904)
  record Q=521.75: [ 800/900] x=0.500000148  rho=(1.724926, 0.120904)
  record Q=521.75: [ 820/900] x=0.499999494  rho=(1.724928, 0.120904)
  record Q=521.75: [ 840/900] x=0.500000406  rho=(1.724928, 0.120904)
  record Q=521.75: [ 860/900] x=0.500000060  rho=(1.724926, 0.120904)
  record Q=521.75: [ 880/900] x=0.499999529  rho=(1.724929, 0.120904)
  record Q=521.75: [ 900/900] x=0.500000455  rho=(1.724928, 0.120904)
  saved orbit cache: support_feedback_q_curtain_focus_cache/q_521p75_orbit.npz
  interpolating orbit onto the tangent RK4 lattice...
  coarse curtain section: integrating 12 gain pairs
    [   1/900] lambda range [-1.842040e+00, -9.906193e-01]
    [ 200/900] lambda range [-1.884741e+00, -8.433720e-03]
    [ 400/900] lambda range [-1.884800e+00, -4.288465e-03]
    [ 600/900] lambda range [-1.884772e+00, -3.012661e-03]
    [ 800/900] lambda range [-1.884800e+00, -2.391173e-03]
    [ 900/900] lambda range [-1.884844e+00, -1.911594e-03]

  Q=521.75 OPEN measured  = -1.884792328467e+00
  Q=521.75 OPEN expected  = -1.884955592154e+00
  Q=521.75 OPEN mismatch  = 1.633e-04
  Q=521.75 OPEN valid     = True
  Q=521.75 FULL lambda    = -5.031387191664e-05
  Q=521.75 growth ref     = -7.268012639172e-05
  saved Q-result cache: support_feedback_q_curtain_focus_cache/q_521p75_result.npz

==============================================================================
Q=522: periods=900, discard=112, kappa0=1.756066411239e-01
  ramp Q=522: [   1/240] Q_now=251.133333  x=0.499978447
  ramp Q=522: [  60/240] Q_now=318.000000  x=0.499997449
  ramp Q=522: [ 120/240] Q_now=386.000000  x=0.499998031
  ramp Q=522: [ 180/240] Q_now=454.000000  x=0.499998928
  ramp Q=522: [ 240/240] Q_now=522.000000  x=0.499999467
  record Q=522: [  20/900] x=0.500000362  rho=(1.724923, 0.120879)
  record Q=522: [  40/900] x=0.500000140  rho=(1.724921, 0.120878)
  record Q=522: [  60/900] x=0.499999476  rho=(1.724924, 0.120879)
  record Q=522: [  80/900] x=0.500000467  rho=(1.724923, 0.120879)
  record Q=522: [ 100/900] x=0.499999984  rho=(1.724922, 0.120878)
  record Q=522: [ 120/900] x=0.499999552  rho=(1.724924, 0.120879)
  record Q=522: [ 140/900] x=0.500000534  rho=(1.724923, 0.120879)
  record Q=522: [ 160/900] x=0.499999829  rho=(1.724922, 0.120878)
  record Q=522: [ 180/900] x=0.499999664  rho=(1.724924, 0.120879)
  record Q=522: [ 200/900] x=0.500000560  rho=(1.724922, 0.120879)
  record Q=522: [ 220/900] x=0.499999687  rho=(1.724922, 0.120878)
  record Q=522: [ 240/900] x=0.499999802  rho=(1.724924, 0.120879)
  record Q=522: [ 260/900] x=0.500000542  rho=(1.724922, 0.120879)
  record Q=522: [ 280/900] x=0.499999571  rho=(1.724923, 0.120878)
  record Q=522: [ 300/900] x=0.499999955  rho=(1.724924, 0.120879)
  record Q=522: [ 320/900] x=0.500000481  rho=(1.724922, 0.120879)
  record Q=522: [ 340/900] x=0.499999488  rho=(1.724923, 0.120878)
  record Q=522: [ 360/900] x=0.500000112  rho=(1.724924, 0.120879)
  record Q=522: [ 380/900] x=0.500000382  rho=(1.724921, 0.120878)
  record Q=522: [ 400/900] x=0.499999446  rho=(1.724923, 0.120879)
  record Q=522: [ 420/900] x=0.500000260  rho=(1.724924, 0.120879)
  record Q=522: [ 440/900] x=0.500000254  rho=(1.724921, 0.120878)
  record Q=522: [ 460/900] x=0.499999447  rho=(1.724924, 0.120879)
  record Q=522: [ 480/900] x=0.500000387  rho=(1.724923, 0.120879)
  record Q=522: [ 500/900] x=0.500000105  rho=(1.724922, 0.120878)
  record Q=522: [ 520/900] x=0.499999492  rho=(1.724924, 0.120879)
  record Q=522: [ 540/900] x=0.500000483  rho=(1.724923, 0.120879)
  record Q=522: [ 560/900] x=0.499999949  rho=(1.724922, 0.120878)
  record Q=522: [ 580/900] x=0.499999576  rho=(1.724924, 0.120879)
  record Q=522: [ 600/900] x=0.500000542  rho=(1.724922, 0.120879)
  record Q=522: [ 620/900] x=0.499999796  rho=(1.724922, 0.120878)
  record Q=522: [ 640/900] x=0.499999694  rho=(1.724924, 0.120879)
  record Q=522: [ 660/900] x=0.500000558  rho=(1.724922, 0.120879)
  record Q=522: [ 680/900] x=0.499999660  rho=(1.724922, 0.120878)
  record Q=522: [ 700/900] x=0.499999836  rho=(1.724924, 0.120879)
  record Q=522: [ 720/900] x=0.500000530  rho=(1.724922, 0.120879)
  record Q=522: [ 740/900] x=0.499999551  rho=(1.724923, 0.120878)
  record Q=522: [ 760/900] x=0.499999991  rho=(1.724924, 0.120879)
  record Q=522: [ 780/900] x=0.500000460  rho=(1.724922, 0.120879)
  record Q=522: [ 800/900] x=0.499999477  rho=(1.724923, 0.120878)
  record Q=522: [ 820/900] x=0.500000146  rho=(1.724924, 0.120879)
  record Q=522: [ 840/900] x=0.500000354  rho=(1.724921, 0.120878)
  record Q=522: [ 860/900] x=0.499999444  rho=(1.724923, 0.120879)
  record Q=522: [ 880/900] x=0.500000289  rho=(1.724923, 0.120879)
  record Q=522: [ 900/900] x=0.500000221  rho=(1.724921, 0.120878)
  saved orbit cache: support_feedback_q_curtain_focus_cache/q_522_orbit.npz
  interpolating orbit onto the tangent RK4 lattice...
  coarse curtain section: integrating 12 gain pairs
    [   1/900] lambda range [-1.842040e+00, -9.913326e-01]
    [ 200/900] lambda range [-1.884741e+00, -8.569896e-03]
    [ 400/900] lambda range [-1.884800e+00, -4.247502e-03]
    [ 600/900] lambda range [-1.884772e+00, -2.810035e-03]
    [ 800/900] lambda range [-1.884800e+00, -2.093971e-03]
    [ 900/900] lambda range [-1.884844e+00, -2.085293e-03]

  Q=522 OPEN measured  = -1.884792328467e+00
  Q=522 OPEN expected  = -1.884955592154e+00
  Q=522 OPEN mismatch  = 1.633e-04
  Q=522 OPEN valid     = True
  Q=522 FULL lambda    = -2.408842050074e-04
  Q=522 growth ref     = -9.818686603773e-06
  saved Q-result cache: support_feedback_q_curtain_focus_cache/q_522_result.npz

==============================================================================
Q=522.25: periods=900, discard=112, kappa0=1.755225785862e-01
  ramp Q=522.25: [   1/240] Q_now=251.134375  x=0.499978448
  ramp Q=522.25: [  60/240] Q_now=318.062500  x=0.499997447
  ramp Q=522.25: [ 120/240] Q_now=386.125000  x=0.499998030
  ramp Q=522.25: [ 180/240] Q_now=454.187500  x=0.499998929
  ramp Q=522.25: [ 240/240] Q_now=522.250000  x=0.499999468
  record Q=522.25: [  20/900] x=0.500000378  rho=(1.724918, 0.120853)
  record Q=522.25: [  40/900] x=0.500000099  rho=(1.724917, 0.120853)
  record Q=522.25: [  60/900] x=0.499999500  rho=(1.724919, 0.120853)
  record Q=522.25: [  80/900] x=0.500000510  rho=(1.724918, 0.120853)
  record Q=522.25: [ 100/900] x=0.499999879  rho=(1.724917, 0.120853)
  record Q=522.25: [ 120/900] x=0.499999637  rho=(1.724919, 0.120853)
  record Q=522.25: [ 140/900] x=0.500000565  rho=(1.724917, 0.120853)
  record Q=522.25: [ 160/900] x=0.499999675  rho=(1.724917, 0.120853)
  record Q=522.25: [ 180/900] x=0.499999830  rho=(1.724919, 0.120853)
  record Q=522.25: [ 200/900] x=0.500000533  rho=(1.724917, 0.120853)
  record Q=522.25: [ 220/900] x=0.499999521  rho=(1.724918, 0.120853)
  record Q=522.25: [ 240/900] x=0.500000050  rho=(1.724919, 0.120853)
  record Q=522.25: [ 260/900] x=0.500000419  rho=(1.724917, 0.120853)
  record Q=522.25: [ 280/900] x=0.499999439  rho=(1.724919, 0.120853)
  record Q=522.25: [ 300/900] x=0.500000265  rho=(1.724919, 0.120853)
  record Q=522.25: [ 320/900] x=0.500000240  rho=(1.724917, 0.120853)
  record Q=522.25: [ 340/900] x=0.499999442  rho=(1.724919, 0.120853)
  record Q=522.25: [ 360/900] x=0.500000440  rho=(1.724918, 0.120853)
  record Q=522.25: [ 380/900] x=0.500000023  rho=(1.724917, 0.120853)
  record Q=522.25: [ 400/900] x=0.499999532  rho=(1.724919, 0.120853)
  record Q=522.25: [ 420/900] x=0.500000548  rho=(1.724918, 0.120853)
  record Q=522.25: [ 440/900] x=0.499999801  rho=(1.724917, 0.120853)
  record Q=522.25: [ 460/900] x=0.499999694  rho=(1.724919, 0.120853)
  record Q=522.25: [ 480/900] x=0.500000574  rho=(1.724917, 0.120853)
  record Q=522.25: [ 500/900] x=0.499999608  rho=(1.724918, 0.120853)
  record Q=522.25: [ 520/900] x=0.499999904  rho=(1.724919, 0.120853)
  record Q=522.25: [ 540/900] x=0.500000511  rho=(1.724917, 0.120853)
  record Q=522.25: [ 560/900] x=0.499999474  rho=(1.724918, 0.120853)
  record Q=522.25: [ 580/900] x=0.500000130  rho=(1.724919, 0.120853)
  record Q=522.25: [ 600/900] x=0.500000369  rho=(1.724917, 0.120853)
  record Q=522.25: [ 620/900] x=0.499999420  rho=(1.724919, 0.120853)
  record Q=522.25: [ 640/900] x=0.500000337  rho=(1.724919, 0.120853)
  record Q=522.25: [ 660/900] x=0.500000170  rho=(1.724917, 0.120853)
  record Q=522.25: [ 680/900] x=0.499999454  rho=(1.724919, 0.120853)
  record Q=522.25: [ 700/900] x=0.500000495  rho=(1.724918, 0.120853)
  record Q=522.25: [ 720/900] x=0.499999944  rho=(1.724917, 0.120853)
  record Q=522.25: [ 740/900] x=0.499999573  rho=(1.724919, 0.120853)
  record Q=522.25: [ 760/900] x=0.500000577  rho=(1.724918, 0.120853)
  record Q=522.25: [ 780/900] x=0.499999724  rho=(1.724917, 0.120853)
  record Q=522.25: [ 800/900] x=0.499999758  rho=(1.724919, 0.120853)
  record Q=522.25: [ 820/900] x=0.500000572  rho=(1.724917, 0.120853)
  record Q=522.25: [ 840/900] x=0.499999546  rho=(1.724918, 0.120853)
  record Q=522.25: [ 860/900] x=0.499999981  rho=(1.724919, 0.120853)
  record Q=522.25: [ 880/900] x=0.500000479  rho=(1.724917, 0.120853)
  record Q=522.25: [ 900/900] x=0.499999435  rho=(1.724918, 0.120853)
  saved orbit cache: support_feedback_q_curtain_focus_cache/q_522p25_orbit.npz
  interpolating orbit onto the tangent RK4 lattice...
  coarse curtain section: integrating 12 gain pairs
    [   1/900] lambda range [-1.842040e+00, -9.920463e-01]
    [ 200/900] lambda range [-1.884741e+00, -8.889414e-03]
    [ 400/900] lambda range [-1.884800e+00, -4.565921e-03]
    [ 600/900] lambda range [-1.884772e+00, -3.085124e-03]
    [ 800/900] lambda range [-1.884800e+00, -2.289321e-03]
    [ 900/900] lambda range [-1.884844e+00, -1.806314e-03]
  phase bisection 1/7: integrating 1 gain pairs
    [   1/900] lambda range [-9.926552e-01, -9.926552e-01]
    [ 200/900] lambda range [-9.158821e-03, -9.158821e-03]
    [ 400/900] lambda range [-4.825918e-03, -4.825918e-03]
    [ 600/900] lambda range [-3.349534e-03, -3.349534e-03]
    [ 800/900] lambda range [-2.563025e-03, -2.563025e-03]
    [ 900/900] lambda range [-2.066490e-03, -2.066490e-03]
  phase bisection 2/7: integrating 1 gain pairs
    [   1/900] lambda range [-9.923512e-01, -9.923512e-01]
    [ 200/900] lambda range [-9.024096e-03, -9.024096e-03]
    [ 400/900] lambda range [-4.695975e-03, -4.695975e-03]
    [ 600/900] lambda range [-3.217518e-03, -3.217518e-03]
    [ 800/900] lambda range [-2.426428e-03, -2.426428e-03]
    [ 900/900] lambda range [-1.936209e-03, -1.936209e-03]
  phase bisection 3/7: integrating 1 gain pairs
    [   1/900] lambda range [-9.921989e-01, -9.921989e-01]
    [ 200/900] lambda range [-8.956750e-03, -8.956750e-03]
    [ 400/900] lambda range [-4.630962e-03, -4.630962e-03]
    [ 600/900] lambda range [-3.151369e-03, -3.151369e-03]
    [ 800/900] lambda range [-2.357937e-03, -2.357937e-03]
    [ 900/900] lambda range [-1.871214e-03, -1.871214e-03]
  phase bisection 4/7: integrating 1 gain pairs
    [   1/900] lambda range [-9.922751e-01, -9.922751e-01]
    [ 200/900] lambda range [-8.990422e-03, -8.990422e-03]
    [ 400/900] lambda range [-4.663472e-03, -4.663472e-03]
    [ 600/900] lambda range [-3.184455e-03, -3.184455e-03]
    [ 800/900] lambda range [-2.392199e-03, -2.392199e-03]
    [ 900/900] lambda range [-1.903700e-03, -1.903700e-03]
  phase bisection 5/7: integrating 1 gain pairs
    [   1/900] lambda range [-9.923132e-01, -9.923132e-01]
    [ 200/900] lambda range [-9.007258e-03, -9.007258e-03]
    [ 400/900] lambda range [-4.679725e-03, -4.679725e-03]
    [ 600/900] lambda range [-3.200990e-03, -3.200990e-03]
    [ 800/900] lambda range [-2.409317e-03, -2.409317e-03]
    [ 900/900] lambda range [-1.919951e-03, -1.919951e-03]
  phase bisection 6/7: integrating 1 gain pairs
    [   1/900] lambda range [-9.922941e-01, -9.922941e-01]
    [ 200/900] lambda range [-8.998840e-03, -8.998840e-03]
    [ 400/900] lambda range [-4.671599e-03, -4.671599e-03]
    [ 600/900] lambda range [-3.192723e-03, -3.192723e-03]
    [ 800/900] lambda range [-2.400759e-03, -2.400759e-03]
    [ 900/900] lambda range [-1.911825e-03, -1.911825e-03]
  phase bisection 7/7: integrating 1 gain pairs
    [   1/900] lambda range [-9.923036e-01, -9.923036e-01]
    [ 200/900] lambda range [-9.003049e-03, -9.003049e-03]
    [ 400/900] lambda range [-4.675662e-03, -4.675662e-03]
    [ 600/900] lambda range [-3.196856e-03, -3.196856e-03]
    [ 800/900] lambda range [-2.405039e-03, -2.405039e-03]
    [ 900/900] lambda range [-1.915888e-03, -1.915888e-03]
  phase-boundary final residual: integrating 1 gain pairs
    [   1/900] lambda range [-9.922989e-01, -9.922989e-01]
    [ 200/900] lambda range [-9.000945e-03, -9.000945e-03]
    [ 400/900] lambda range [-4.673630e-03, -4.673630e-03]
    [ 600/900] lambda range [-3.194790e-03, -3.194790e-03]
    [ 800/900] lambda range [-2.402899e-03, -2.402899e-03]
    [ 900/900] lambda range [-1.913856e-03, -1.913856e-03]

  Q=522.25 OPEN measured  = -1.884792328467e+00
  Q=522.25 OPEN expected  = -1.884955592154e+00
  Q=522.25 OPEN mismatch  = 1.633e-04
  Q=522.25 OPEN valid     = True
  Q=522.25 FULL lambda    = +1.042488626397e-04
  Q=522.25 growth ref     = +5.304275318418e-05
  saved Q-result cache: support_feedback_q_curtain_focus_cache/q_522p25_result.npz

==============================================================================
Q=522.5: periods=900, discard=112, kappa0=1.754385964912e-01
  ramp Q=522.5: [   1/240] Q_now=251.135417  x=0.499978450
  ramp Q=522.5: [  60/240] Q_now=318.125000  x=0.499997446
  ramp Q=522.5: [ 120/240] Q_now=386.250000  x=0.499998029
  ramp Q=522.5: [ 180/240] Q_now=454.375000  x=0.499998931
  ramp Q=522.5: [ 240/240] Q_now=522.500000  x=0.499999468
  record Q=522.5: [  20/900] x=0.500000394  rho=(1.724914, 0.120828)
  record Q=522.5: [  40/900] x=0.500000057  rho=(1.724912, 0.120827)
  record Q=522.5: [  60/900] x=0.499999531  rho=(1.724915, 0.120828)
  record Q=522.5: [  80/900] x=0.500000543  rho=(1.724913, 0.120828)
  record Q=522.5: [ 100/900] x=0.499999777  rho=(1.724913, 0.120827)
  record Q=522.5: [ 120/900] x=0.499999740  rho=(1.724915, 0.120828)
  record Q=522.5: [ 140/900] x=0.500000557  rho=(1.724912, 0.120828)
  record Q=522.5: [ 160/900] x=0.499999548  rho=(1.724913, 0.120827)
  record Q=522.5: [ 180/900] x=0.500000019  rho=(1.724915, 0.120828)
  record Q=522.5: [ 200/900] x=0.500000430  rho=(1.724912, 0.120828)
  record Q=522.5: [ 220/900] x=0.499999431  rho=(1.724914, 0.120828)
  record Q=522.5: [ 240/900] x=0.500000296  rho=(1.724914, 0.120828)
  record Q=522.5: [ 260/900] x=0.500000192  rho=(1.724912, 0.120827)
  record Q=522.5: [ 280/900] x=0.499999456  rho=(1.724914, 0.120828)
  record Q=522.5: [ 300/900] x=0.500000503  rho=(1.724913, 0.120828)
  record Q=522.5: [ 320/900] x=0.499999903  rho=(1.724912, 0.120827)
  record Q=522.5: [ 340/900] x=0.499999619  rho=(1.724915, 0.120828)
  record Q=522.5: [ 360/900] x=0.500000585  rho=(1.724913, 0.120828)
  record Q=522.5: [ 380/900] x=0.499999634  rho=(1.724913, 0.120827)
  record Q=522.5: [ 400/900] x=0.499999880  rho=(1.724915, 0.120828)
  record Q=522.5: [ 420/900] x=0.500000521  rho=(1.724912, 0.120828)
  record Q=522.5: [ 440/900] x=0.499999454  rho=(1.724914, 0.120828)
  record Q=522.5: [ 460/900] x=0.500000175  rho=(1.724914, 0.120828)
  record Q=522.5: [ 480/900] x=0.500000325  rho=(1.724912, 0.120827)
  record Q=522.5: [ 500/900] x=0.499999409  rho=(1.724914, 0.120828)
  record Q=522.5: [ 520/900] x=0.500000431  rho=(1.724914, 0.120828)
  record Q=522.5: [ 540/900] x=0.500000043  rho=(1.724912, 0.120827)
  record Q=522.5: [ 560/900] x=0.499999512  rho=(1.724915, 0.120828)
  record Q=522.5: [ 580/900] x=0.500000581  rho=(1.724913, 0.120828)
  record Q=522.5: [ 600/900] x=0.499999747  rho=(1.724912, 0.120827)
  record Q=522.5: [ 620/900] x=0.499999740  rho=(1.724915, 0.120828)
  record Q=522.5: [ 640/900] x=0.500000587  rho=(1.724912, 0.120828)
  record Q=522.5: [ 660/900] x=0.499999510  rho=(1.724913, 0.120827)
  record Q=522.5: [ 680/900] x=0.500000037  rho=(1.724915, 0.120828)
  record Q=522.5: [ 700/900] x=0.500000445  rho=(1.724912, 0.120828)
  record Q=522.5: [ 720/900] x=0.499999394  rho=(1.724914, 0.120828)
  record Q=522.5: [ 740/900] x=0.500000329  rho=(1.724914, 0.120828)
  record Q=522.5: [ 760/900] x=0.500000188  rho=(1.724912, 0.120827)
  record Q=522.5: [ 780/900] x=0.499999428  rho=(1.724914, 0.120828)
  record Q=522.5: [ 800/900] x=0.500000542  rho=(1.724913, 0.120828)
  record Q=522.5: [ 820/900] x=0.499999881  rho=(1.724912, 0.120827)
  record Q=522.5: [ 840/900] x=0.499999608  rho=(1.724915, 0.120828)
  record Q=522.5: [ 860/900] x=0.500000622  rho=(1.724913, 0.120828)
  record Q=522.5: [ 880/900] x=0.499999599  rho=(1.724913, 0.120827)
  record Q=522.5: [ 900/900] x=0.499999889  rho=(1.724915, 0.120828)
  saved orbit cache: support_feedback_q_curtain_focus_cache/q_522p5_orbit.npz
  interpolating orbit onto the tangent RK4 lattice...
  coarse curtain section: integrating 12 gain pairs
    [   1/900] lambda range [-1.842040e+00, -9.927604e-01]
    [ 200/900] lambda range [-1.884741e+00, -9.220549e-03]
    [ 400/900] lambda range [-1.884800e+00, -4.539582e-03]
    [ 600/900] lambda range [-1.884772e+00, -2.746815e-03]
    [ 800/900] lambda range [-1.884800e+00, -1.959293e-03]
    [ 900/900] lambda range [-1.884844e+00, -1.919705e-03]
  phase bisection 1/7: integrating 1 gain pairs
    [   1/900] lambda range [-9.933702e-01, -9.933702e-01]
    [ 200/900] lambda range [-9.493904e-03, -9.493904e-03]
    [ 400/900] lambda range [-4.824551e-03, -4.824551e-03]
    [ 600/900] lambda range [-3.029845e-03, -3.029845e-03]
    [ 800/900] lambda range [-2.225255e-03, -2.225255e-03]
    [ 900/900] lambda range [-2.200306e-03, -2.200306e-03]
  phase bisection 2/7: integrating 1 gain pairs
    [   1/900] lambda range [-9.930658e-01, -9.930658e-01]
    [ 200/900] lambda range [-9.357254e-03, -9.357254e-03]
    [ 400/900] lambda range [-4.682151e-03, -4.682151e-03]
    [ 600/900] lambda range [-2.888239e-03, -2.888239e-03]
    [ 800/900] lambda range [-2.092089e-03, -2.092089e-03]
    [ 900/900] lambda range [-2.060161e-03, -2.060161e-03]
  phase bisection 3/7: integrating 1 gain pairs
    [   1/900] lambda range [-9.929132e-01, -9.929132e-01]
    [ 200/900] lambda range [-9.288908e-03, -9.288908e-03]
    [ 400/900] lambda range [-4.610887e-03, -4.610887e-03]
    [ 600/900] lambda range [-2.817504e-03, -2.817504e-03]
    [ 800/900] lambda range [-2.025645e-03, -2.025645e-03]
    [ 900/900] lambda range [-1.989970e-03, -1.989970e-03]
  phase bisection 4/7: integrating 1 gain pairs
    [   1/900] lambda range [-9.928368e-01, -9.928368e-01]
    [ 200/900] lambda range [-9.254731e-03, -9.254731e-03]
    [ 400/900] lambda range [-4.575239e-03, -4.575239e-03]
    [ 600/900] lambda range [-2.782154e-03, -2.782154e-03]
    [ 800/900] lambda range [-1.992458e-03, -1.992458e-03]
    [ 900/900] lambda range [-1.954846e-03, -1.954846e-03]
  phase bisection 5/7: integrating 1 gain pairs
    [   1/900] lambda range [-9.927986e-01, -9.927986e-01]
    [ 200/900] lambda range [-9.237640e-03, -9.237640e-03]
    [ 400/900] lambda range [-4.557412e-03, -4.557412e-03]
    [ 600/900] lambda range [-2.764483e-03, -2.764483e-03]
    [ 800/900] lambda range [-1.975872e-03, -1.975872e-03]
    [ 900/900] lambda range [-1.937278e-03, -1.937278e-03]
  phase bisection 6/7: integrating 1 gain pairs
    [   1/900] lambda range [-9.927795e-01, -9.927795e-01]
    [ 200/900] lambda range [-9.229095e-03, -9.229095e-03]
    [ 400/900] lambda range [-4.548497e-03, -4.548497e-03]
    [ 600/900] lambda range [-2.755649e-03, -2.755649e-03]
    [ 800/900] lambda range [-1.967582e-03, -1.967582e-03]
    [ 900/900] lambda range [-1.928492e-03, -1.928492e-03]
  phase bisection 7/7: integrating 1 gain pairs
    [   1/900] lambda range [-9.927891e-01, -9.927891e-01]
    [ 200/900] lambda range [-9.233368e-03, -9.233368e-03]
    [ 400/900] lambda range [-4.552954e-03, -4.552954e-03]
    [ 600/900] lambda range [-2.760066e-03, -2.760066e-03]
    [ 800/900] lambda range [-1.971727e-03, -1.971727e-03]
    [ 900/900] lambda range [-1.932885e-03, -1.932885e-03]
  phase-boundary final residual: integrating 1 gain pairs
    [   1/900] lambda range [-9.927938e-01, -9.927938e-01]
    [ 200/900] lambda range [-9.235504e-03, -9.235504e-03]
    [ 400/900] lambda range [-4.555183e-03, -4.555183e-03]
    [ 600/900] lambda range [-2.762274e-03, -2.762274e-03]
    [ 800/900] lambda range [-1.973800e-03, -1.973800e-03]
    [ 900/900] lambda range [-1.935082e-03, -1.935082e-03]

  Q=522.5 OPEN measured  = -1.884792328467e+00
  Q=522.5 OPEN expected  = -1.884955592154e+00
  Q=522.5 OPEN mismatch  = 1.633e-04
  Q=522.5 OPEN valid     = True
  Q=522.5 FULL lambda    = +1.643981195254e-05
  Q=522.5 growth ref     = +1.159041929721e-04
  saved Q-result cache: support_feedback_q_curtain_focus_cache/q_522p5_result.npz

==============================================================================
Q=522.75: periods=900, discard=112, kappa0=1.753546947234e-01
  ramp Q=522.75: [   1/240] Q_now=251.136458  x=0.499978451
  ramp Q=522.75: [  60/240] Q_now=318.187500  x=0.499997445
  ramp Q=522.75: [ 120/240] Q_now=386.375000  x=0.499998028
  ramp Q=522.75: [ 180/240] Q_now=454.562500  x=0.499998932
  ramp Q=522.75: [ 240/240] Q_now=522.750000  x=0.499999469
  record Q=522.75: [  20/900] x=0.500000409  rho=(1.724909, 0.120802)
  record Q=522.75: [  40/900] x=0.500000015  rho=(1.724907, 0.120802)
  record Q=522.75: [  60/900] x=0.499999568  rho=(1.724910, 0.120802)
  record Q=522.75: [  80/900] x=0.500000564  rho=(1.724908, 0.120802)
  record Q=522.75: [ 100/900] x=0.499999681  rho=(1.724908, 0.120802)
  record Q=522.75: [ 120/900] x=0.499999859  rho=(1.724910, 0.120802)
  record Q=522.75: [ 140/900] x=0.500000510  rho=(1.724907, 0.120802)
  record Q=522.75: [ 160/900] x=0.499999460  rho=(1.724909, 0.120802)
  record Q=522.75: [ 180/900] x=0.500000210  rho=(1.724910, 0.120803)
  record Q=522.75: [ 200/900] x=0.500000264  rho=(1.724907, 0.120802)
  record Q=522.75: [ 220/900] x=0.499999436  rho=(1.724910, 0.120802)
  record Q=522.75: [ 240/900] x=0.500000489  rho=(1.724909, 0.120802)
  record Q=522.75: [ 260/900] x=0.499999913  rho=(1.724908, 0.120802)
  record Q=522.75: [ 280/900] x=0.499999623  rho=(1.724910, 0.120802)
  record Q=522.75: [ 300/900] x=0.500000592  rho=(1.724908, 0.120802)
  record Q=522.75: [ 320/900] x=0.499999588  rho=(1.724908, 0.120802)
  record Q=522.75: [ 340/900] x=0.499999955  rho=(1.724910, 0.120802)
  record Q=522.75: [ 360/900] x=0.500000475  rho=(1.724907, 0.120802)
  record Q=522.75: [ 380/900] x=0.499999409  rho=(1.724909, 0.120802)
  record Q=522.75: [ 400/900] x=0.500000312  rho=(1.724909, 0.120803)
  record Q=522.75: [ 420/900] x=0.500000177  rho=(1.724907, 0.120802)
  record Q=522.75: [ 440/900] x=0.499999448  rho=(1.724910, 0.120802)
  record Q=522.75: [ 460/900] x=0.500000560  rho=(1.724908, 0.120802)
  record Q=522.75: [ 480/900] x=0.499999807  rho=(1.724908, 0.120802)
  record Q=522.75: [ 500/900] x=0.499999695  rho=(1.724910, 0.120802)
  record Q=522.75: [ 520/900] x=0.500000603  rho=(1.724908, 0.120802)
  record Q=522.75: [ 540/900] x=0.499999500  rho=(1.724908, 0.120802)
  record Q=522.75: [ 560/900] x=0.500000061  rho=(1.724910, 0.120803)
  record Q=522.75: [ 580/900] x=0.500000421  rho=(1.724907, 0.120802)
  record Q=522.75: [ 600/900] x=0.499999374  rho=(1.724909, 0.120802)
  record Q=522.75: [ 620/900] x=0.500000413  rho=(1.724909, 0.120802)
  record Q=522.75: [ 640/900] x=0.500000078  rho=(1.724907, 0.120802)
  record Q=522.75: [ 660/900] x=0.499999480  rho=(1.724910, 0.120802)
  record Q=522.75: [ 680/900] x=0.500000617  rho=(1.724908, 0.120802)
  record Q=522.75: [ 700/900] x=0.499999698  rho=(1.724908, 0.120802)
  record Q=522.75: [ 720/900] x=0.499999783  rho=(1.724910, 0.120802)
  record Q=522.75: [ 740/900] x=0.500000595  rho=(1.724907, 0.120802)
  record Q=522.75: [ 760/900] x=0.499999422  rho=(1.724909, 0.120802)
  record Q=522.75: [ 780/900] x=0.500000173  rho=(1.724910, 0.120803)
  record Q=522.75: [ 800/900] x=0.500000350  rho=(1.724907, 0.120802)
  record Q=522.75: [ 820/900] x=0.499999357  rho=(1.724910, 0.120802)
  record Q=522.75: [ 840/900] x=0.500000508  rho=(1.724909, 0.120802)
  record Q=522.75: [ 860/900] x=0.499999968  rho=(1.724907, 0.120802)
  record Q=522.75: [ 880/900] x=0.499999531  rho=(1.724910, 0.120802)
  record Q=522.75: [ 900/900] x=0.500000660  rho=(1.724908, 0.120802)
  saved orbit cache: support_feedback_q_curtain_focus_cache/q_522p75_orbit.npz
  interpolating orbit onto the tangent RK4 lattice...
  coarse curtain section: integrating 12 gain pairs
    [   1/900] lambda range [-1.842040e+00, -9.934748e-01]
    [ 200/900] lambda range [-1.884741e+00, -9.305345e-03]
    [ 400/900] lambda range [-1.884800e+00, -4.093750e-03]
    [ 600/900] lambda range [-1.884772e+00, -2.683782e-03]
    [ 800/900] lambda range [-1.884800e+00, -2.175693e-03]
    [ 900/900] lambda range [-1.884844e+00, -1.721291e-03]
  phase bisection 1/7: integrating 1 gain pairs
    [   1/900] lambda range [-9.940856e-01, -9.940856e-01]
    [ 200/900] lambda range [-9.591704e-03, -9.591704e-03]
    [ 400/900] lambda range [-4.378901e-03, -4.378901e-03]
    [ 600/900] lambda range [-2.941054e-03, -2.941054e-03]
    [ 800/900] lambda range [-2.443669e-03, -2.443669e-03]
    [ 900/900] lambda range [-1.976265e-03, -1.976265e-03]
  phase bisection 2/7: integrating 1 gain pairs
    [   1/900] lambda range [-9.943897e-01, -9.943897e-01]
    [ 200/900] lambda range [-9.734725e-03, -9.734725e-03]
    [ 400/900] lambda range [-4.521700e-03, -4.521700e-03]
    [ 600/900] lambda range [-3.070000e-03, -3.070000e-03]
    [ 800/900] lambda range [-2.576831e-03, -2.576831e-03]
    [ 900/900] lambda range [-2.104218e-03, -2.104218e-03]
  phase bisection 3/7: integrating 1 gain pairs
    [   1/900] lambda range [-9.942378e-01, -9.942378e-01]
    [ 200/900] lambda range [-9.663228e-03, -9.663228e-03]
    [ 400/900] lambda range [-4.450282e-03, -4.450282e-03]
    [ 600/900] lambda range [-3.005501e-03, -3.005501e-03]
    [ 800/900] lambda range [-2.510318e-03, -2.510318e-03]
    [ 900/900] lambda range [-2.040201e-03, -2.040201e-03]
  phase bisection 4/7: integrating 1 gain pairs
    [   1/900] lambda range [-9.941617e-01, -9.941617e-01]
    [ 200/900] lambda range [-9.627469e-03, -9.627469e-03]
    [ 400/900] lambda range [-4.414587e-03, -4.414587e-03]
    [ 600/900] lambda range [-2.973271e-03, -2.973271e-03]
    [ 800/900] lambda range [-2.477011e-03, -2.477011e-03]
    [ 900/900] lambda range [-2.008223e-03, -2.008223e-03]
  phase bisection 5/7: integrating 1 gain pairs
    [   1/900] lambda range [-9.941997e-01, -9.941997e-01]
    [ 200/900] lambda range [-9.645349e-03, -9.645349e-03]
    [ 400/900] lambda range [-4.432434e-03, -4.432434e-03]
    [ 600/900] lambda range [-2.989384e-03, -2.989384e-03]
    [ 800/900] lambda range [-2.493669e-03, -2.493669e-03]
    [ 900/900] lambda range [-2.024210e-03, -2.024210e-03]
  phase bisection 6/7: integrating 1 gain pairs
    [   1/900] lambda range [-9.941807e-01, -9.941807e-01]
    [ 200/900] lambda range [-9.636410e-03, -9.636410e-03]
    [ 400/900] lambda range [-4.423510e-03, -4.423510e-03]
    [ 600/900] lambda range [-2.981327e-03, -2.981327e-03]
    [ 800/900] lambda range [-2.485341e-03, -2.485341e-03]
    [ 900/900] lambda range [-2.016216e-03, -2.016216e-03]
  phase bisection 7/7: integrating 1 gain pairs
    [   1/900] lambda range [-9.941902e-01, -9.941902e-01]
    [ 200/900] lambda range [-9.640880e-03, -9.640880e-03]
    [ 400/900] lambda range [-4.427972e-03, -4.427972e-03]
    [ 600/900] lambda range [-2.985355e-03, -2.985355e-03]
    [ 800/900] lambda range [-2.489505e-03, -2.489505e-03]
    [ 900/900] lambda range [-2.020212e-03, -2.020212e-03]
  phase-boundary final residual: integrating 1 gain pairs
    [   1/900] lambda range [-9.941950e-01, -9.941950e-01]
    [ 200/900] lambda range [-9.643114e-03, -9.643114e-03]
    [ 400/900] lambda range [-4.430203e-03, -4.430203e-03]
    [ 600/900] lambda range [-2.987370e-03, -2.987370e-03]
    [ 800/900] lambda range [-2.491587e-03, -2.491587e-03]
    [ 900/900] lambda range [-2.022211e-03, -2.022211e-03]

  Q=522.75 OPEN measured  = -1.884792328467e+00
  Q=522.75 OPEN expected  = -1.884955592154e+00
  Q=522.75 OPEN mismatch  = 1.633e-04
  Q=522.75 OPEN valid     = True
  Q=522.75 FULL lambda    = +2.937095038251e-04
  Q=522.75 growth ref     = +1.787656327601e-04
  saved Q-result cache: support_feedback_q_curtain_focus_cache/q_522p75_result.npz

Script version: 2026-08-01-feedback-curtain-vs-q-v1.1-endpoint-fix

CONFIGURATION
-------------
Q values                         = 521.25, 521.5, 521.75, 522, 522.25, 522.5, 522.75
eta_kappa values                 = 0, 1
phase minimum                    = 0.960000000000
coarse phase points above minimum = 5
phase bisection iterations       = 7
warm-up periods                  = 30
ramp steps                       = 240
ramp periods per step            = 1
base recorded periods            = 900
maximum recorded periods         = 900
orbit samples per period         = 160
tangent RK4 steps per period     = 80
cache directory                  = /nfs-mount/elab1/hysteresis/support_feedback_curtain_focus/support_feedback_q_curtain_focus_cache

LOCAL GROWTH REFERENCE
----------------------
source                           = fallback values from prior threshold closure
lambda(Q) slope                  = 2.514457591518e-04
direct Qc                        = 522.039048925052
local fit R^2                    = nan

PER-Q VALIDATION
----------------
OPEN validations passed          = 7/7
Q=521.25
  periods / discard              = 900 / 112
  OPEN lambda                    = -1.884792328467e+00
  OPEN mismatch                  = 1.632636866464e-04
  OPEN passed                    = True
  FULL lambda                    = -1.519241153879e-04
  growth-reference lambda        = -1.984030059676e-04
  eta_phase_c at eta_kappa=1     = nan
Q=521.5
  periods / discard              = 900 / 112
  OPEN lambda                    = -1.884792328467e+00
  OPEN mismatch                  = 1.632636866238e-04
  OPEN passed                    = True
  FULL lambda                    = -3.931755974023e-04
  growth-reference lambda        = -1.355415661797e-04
  eta_phase_c at eta_kappa=1     = nan
Q=521.75
  periods / discard              = 900 / 112
  OPEN lambda                    = -1.884792328467e+00
  OPEN mismatch                  = 1.632636866016e-04
  OPEN passed                    = True
  FULL lambda                    = -5.031387191664e-05
  growth-reference lambda        = -7.268012639172e-05
  eta_phase_c at eta_kappa=1     = nan
Q=522
  periods / discard              = 900 / 112
  OPEN lambda                    = -1.884792328467e+00
  OPEN mismatch                  = 1.632636865752e-04
  OPEN passed                    = True
  FULL lambda                    = -2.408842050074e-04
  growth-reference lambda        = -9.818686603773e-06
  eta_phase_c at eta_kappa=1     = nan
Q=522.25
  periods / discard              = 900 / 112
  OPEN lambda                    = -1.884792328467e+00
  OPEN mismatch                  = 1.632636865503e-04
  OPEN passed                    = True
  FULL lambda                    = +1.042488626397e-04
  growth-reference lambda        = +5.304275318418e-05
  eta_phase_c at eta_kappa=1     = 9.979296875000e-01
Q=522.5
  periods / discard              = 900 / 112
  OPEN lambda                    = -1.884792328467e+00
  OPEN mismatch                  = 1.632636865188e-04
  OPEN passed                    = True
  FULL lambda                    = +1.643981195254e-05
  growth-reference lambda        = +1.159041929721e-04
  eta_phase_c at eta_kappa=1     = 9.997265625000e-01
Q=522.75
  periods / discard              = 900 / 112
  OPEN lambda                    = -1.884792328467e+00
  OPEN mismatch                  = 1.632636864908e-04
  OPEN passed                    = True
  FULL lambda                    = +2.937095038251e-04
  growth-reference lambda        = +1.787656327601e-04
  eta_phase_c at eta_kappa=1     = 9.941015625000e-01

TOP-EDGE TOUCH CURVE
--------------------
eta_kappa=0.000000
  valid                           = False
  Q_touch                         = nan
  local d lambda / dQ             = nan
  fit R^2                         = nan
  sign bracket                    = [nan, nan]
eta_kappa=1.000000
  valid                           = True
  Q_touch                         = 522.320397003186
  local d lambda / dQ             = 2.181576477019e-04
  fit R^2                         = 0.230848439
  sign bracket                    = [522.000000000, 522.250000000]

PHYSICAL PERFORATION
--------------------
physical eta_kappa index          = 1.000000000000
physical Q_touch valid            = True
physical Q_touch                  = 522.320397003186
direct growth Qc                  = 522.039048925052
touch minus direct Qc             = +2.813480781336e-01

CURTAIN RANGE
-------------
minimum resolved eta_phase_c      = 0.994101562500
maximum resolved eta_phase_c      = 0.999726562500
maximum top-edge lambda           = +2.937095038251e-04
minimum top-edge lambda           = -3.654761638488e-03

PRIMARY READING
---------------
The physical corner eta_phase=1, eta_kappa=1 pierces the moving stability curtain at the reported physical Q_touch. Compare its difference from the independently measured local-growth Qc.

CAUTION
-------
Every Q slice uses a separately prepared LOW-history central orbit.
The eta gains scale tangent return paths while leaving that central
orbit fixed. Q_touch is therefore a local loop-stability boundary,
not a replacement for a global nonlinear bifurcation continuation.

critical phase map PNG   = /nfs-mount/elab1/hysteresis/support_feedback_curtain_focus/support_feedback_curtain_focus_critical_phase_map.png
critical curves PNG      = /nfs-mount/elab1/hysteresis/support_feedback_curtain_focus/support_feedback_curtain_focus_critical_phase_vs_q.png
top-edge lambda PNG      = /nfs-mount/elab1/hysteresis/support_feedback_curtain_focus/support_feedback_curtain_focus_top_edge_lambda_vs_q.png
touch curve PNG          = /nfs-mount/elab1/hysteresis/support_feedback_curtain_focus/support_feedback_curtain_focus_q_touch_vs_kappa.png
point CSV                = /nfs-mount/elab1/hysteresis/support_feedback_curtain_focus/support_feedback_curtain_focus_points.csv
Q summary CSV            = /nfs-mount/elab1/hysteresis/support_feedback_curtain_focus/support_feedback_curtain_focus_q_summary.csv
touch CSV                = /nfs-mount/elab1/hysteresis/support_feedback_curtain_focus/support_feedback_curtain_focus_touch.csv
raw NPZ                  = /nfs-mount/elab1/hysteresis/support_feedback_curtain_focus/support_feedback_curtain_focus_raw.npz

